Archive member included to satisfy reference by file (symbol)

d:/mcux/mcuxpressoide_11.6.1_8255/ide/plugins/com.nxp.mcuxpresso.tools.win32_11.6.1.202207200623/tools/bin/../lib/gcc/arm-none-eabi/10.3.1/../../../../arm-none-eabi/lib/thumb/v8-m.main+fp/hard\libcr_nohost_nf.a(_cr__main.o)
                              ./startup/startup_lpc55s69_cm33_core0.o (__main)
d:/mcux/mcuxpressoide_11.6.1_8255/ide/plugins/com.nxp.mcuxpresso.tools.win32_11.6.1.202207200623/tools/bin/../lib/gcc/arm-none-eabi/10.3.1/../../../../arm-none-eabi/lib/thumb/v8-m.main+fp/hard\libcr_c.a(cosf.o)
                              ./source/oled.o (cosf)
d:/mcux/mcuxpressoide_11.6.1_8255/ide/plugins/com.nxp.mcuxpresso.tools.win32_11.6.1.202207200623/tools/bin/../lib/gcc/arm-none-eabi/10.3.1/../../../../arm-none-eabi/lib/thumb/v8-m.main+fp/hard\libcr_c.a(sinf.o)
                              ./source/oled.o (sinf)
d:/mcux/mcuxpressoide_11.6.1_8255/ide/plugins/com.nxp.mcuxpresso.tools.win32_11.6.1.202207200623/tools/bin/../lib/gcc/arm-none-eabi/10.3.1/../../../../arm-none-eabi/lib/thumb/v8-m.main+fp/hard\libcr_c.a(memcpy.o)
                              ./utilities/fsl_str.o (memcpy)
d:/mcux/mcuxpressoide_11.6.1_8255/ide/plugins/com.nxp.mcuxpresso.tools.win32_11.6.1.202207200623/tools/bin/../lib/gcc/arm-none-eabi/10.3.1/../../../../arm-none-eabi/lib/thumb/v8-m.main+fp/hard\libcr_c.a(memset.o)
                              ./utilities/fsl_debug_console.o (memset)
d:/mcux/mcuxpressoide_11.6.1_8255/ide/plugins/com.nxp.mcuxpresso.tools.win32_11.6.1.202207200623/tools/bin/../lib/gcc/arm-none-eabi/10.3.1/../../../../arm-none-eabi/lib/thumb/v8-m.main+fp/hard\libcr_c.a(alloc.o)
                              ./drivers/fsl_common.o (malloc)
d:/mcux/mcuxpressoide_11.6.1_8255/ide/plugins/com.nxp.mcuxpresso.tools.win32_11.6.1.202207200623/tools/bin/../lib/gcc/arm-none-eabi/10.3.1/../../../../arm-none-eabi/lib/thumb/v8-m.main+fp/hard\libcr_c.a(errno.o)
                              ./utilities/fsl_str.o (errno)
d:/mcux/mcuxpressoide_11.6.1_8255/ide/plugins/com.nxp.mcuxpresso.tools.win32_11.6.1.202207200623/tools/bin/../lib/gcc/arm-none-eabi/10.3.1/../../../../arm-none-eabi/lib/thumb/v8-m.main+fp/hard\libcr_c.a(initio.o)
                              d:/mcux/mcuxpressoide_11.6.1_8255/ide/plugins/com.nxp.mcuxpresso.tools.win32_11.6.1.202207200623/tools/bin/../lib/gcc/arm-none-eabi/10.3.1/../../../../arm-none-eabi/lib/thumb/v8-m.main+fp/hard\libcr_nohost_nf.a(_cr__main.o) (_initio)
d:/mcux/mcuxpressoide_11.6.1_8255/ide/plugins/com.nxp.mcuxpresso.tools.win32_11.6.1.202207200623/tools/bin/../lib/gcc/arm-none-eabi/10.3.1/../../../../arm-none-eabi/lib/thumb/v8-m.main+fp/hard\libcr_c.a(printf.o)
                              ./source/i2c.o (_sprintf)
d:/mcux/mcuxpressoide_11.6.1_8255/ide/plugins/com.nxp.mcuxpresso.tools.win32_11.6.1.202207200623/tools/bin/../lib/gcc/arm-none-eabi/10.3.1/../../../../arm-none-eabi/lib/thumb/v8-m.main+fp/hard\libcr_c.a(scanf.o)
                              ./utilities/fsl_str.o (strtoul)
d:/mcux/mcuxpressoide_11.6.1_8255/ide/plugins/com.nxp.mcuxpresso.tools.win32_11.6.1.202207200623/tools/bin/../lib/gcc/arm-none-eabi/10.3.1/../../../../arm-none-eabi/lib/thumb/v8-m.main+fp/hard\libcr_c.a(setvbuf.o)
                              d:/mcux/mcuxpressoide_11.6.1_8255/ide/plugins/com.nxp.mcuxpresso.tools.win32_11.6.1.202207200623/tools/bin/../lib/gcc/arm-none-eabi/10.3.1/../../../../arm-none-eabi/lib/thumb/v8-m.main+fp/hard\libcr_c.a(initio.o) (setvbuf)
d:/mcux/mcuxpressoide_11.6.1_8255/ide/plugins/com.nxp.mcuxpresso.tools.win32_11.6.1.202207200623/tools/bin/../lib/gcc/arm-none-eabi/10.3.1/../../../../arm-none-eabi/lib/thumb/v8-m.main+fp/hard\libcr_c.a(stdlib.o)
                              ./source/oled.o (abs)
d:/mcux/mcuxpressoide_11.6.1_8255/ide/plugins/com.nxp.mcuxpresso.tools.win32_11.6.1.202207200623/tools/bin/../lib/gcc/arm-none-eabi/10.3.1/../../../../arm-none-eabi/lib/thumb/v8-m.main+fp/hard\libcr_c.a(strlen.o)
                              ./utilities/fsl_str.o (strlen)
d:/mcux/mcuxpressoide_11.6.1_8255/ide/plugins/com.nxp.mcuxpresso.tools.win32_11.6.1.202207200623/tools/bin/../lib/gcc/arm-none-eabi/10.3.1/../../../../arm-none-eabi/lib/thumb/v8-m.main+fp/hard\libcr_c.a(ungetc.o)
                              d:/mcux/mcuxpressoide_11.6.1_8255/ide/plugins/com.nxp.mcuxpresso.tools.win32_11.6.1.202207200623/tools/bin/../lib/gcc/arm-none-eabi/10.3.1/../../../../arm-none-eabi/lib/thumb/v8-m.main+fp/hard\libcr_c.a(scanf.o) (ungetc)
d:/mcux/mcuxpressoide_11.6.1_8255/ide/plugins/com.nxp.mcuxpresso.tools.win32_11.6.1.202207200623/tools/bin/../lib/gcc/arm-none-eabi/10.3.1/../../../../arm-none-eabi/lib/thumb/v8-m.main+fp/hard\libcr_c.a(_sincosf.o)
                              d:/mcux/mcuxpressoide_11.6.1_8255/ide/plugins/com.nxp.mcuxpresso.tools.win32_11.6.1.202207200623/tools/bin/../lib/gcc/arm-none-eabi/10.3.1/../../../../arm-none-eabi/lib/thumb/v8-m.main+fp/hard\libcr_c.a(cosf.o) (_sincosf)
[...]
Memory Configuration

Name             Origin             Length             Attributes
PROGRAM_FLASH    0x00000000         0x0009d800         xr
SRAM             0x20000000         0x00040000         xrw
SRAMX            0x04000000         0x00008000         xrw
USB_RAM          0x40100000         0x00004000         xrw
SRAM4            0x20040000         0x00004000         xrw
*default*        0x00000000         0xffffffff

Linker script and memory map

LOAD ./utilities/fsl_assert.o
LOAD ./utilities/fsl_debug_console.o
LOAD ./utilities/fsl_str.o
LOAD ./startup/boot_multicore_slave.o
LOAD ./startup/startup_lpc55s69_cm33_core0.o
LOAD ./source/i2c.o
LOAD ./source/neopixels.o
LOAD ./source/oled.o
LOAD ./source/semihost_hardfault.o
LOAD ./drivers/fsl_clock.o
LOAD ./drivers/fsl_common.o
LOAD ./drivers/fsl_common_arm.o
LOAD ./drivers/fsl_ctimer.o
LOAD ./drivers/fsl_flexcomm.o
LOAD ./drivers/fsl_gpio.o
LOAD ./drivers/fsl_i2c.o
LOAD ./drivers/fsl_lpadc.o
LOAD ./drivers/fsl_power.o
LOAD ./drivers/fsl_reset.o
LOAD ./drivers/fsl_spi.o
LOAD ./drivers/fsl_usart.o
LOAD ./device/system_LPC55S69_cm33_core0.o
LOAD ./component/uart/fsl_adapter_usart.o
LOAD ./component/serial_manager/fsl_component_serial_manager.o
LOAD ./component/serial_manager/fsl_component_serial_port_uart.o
LOAD ./component/lists/fsl_component_generic_list.o
LOAD ./board/board.o
LOAD ./board/clock_config.o
LOAD ./board/peripherals.o
LOAD ./board/pin_mux.o
START GROUP
LOAD d:/mcux/mcuxpressoide_11.6.1_8255/ide/plugins/com.nxp.mcuxpresso.tools.win32_11.6.1.202207200623/tools/bin/../lib/gcc/arm-none-eabi/10.3.1/../../../../arm-none-eabi/lib/thumb/v8-m.main+fp/hard\libcr_nohost_nf.a
LOAD d:/mcux/mcuxpressoide_11.6.1_8255/ide/plugins/com.nxp.mcuxpresso.tools.win32_11.6.1.202207200623/tools/bin/../lib/gcc/arm-none-eabi/10.3.1/../../../../arm-none-eabi/lib/thumb/v8-m.main+fp/hard\libcr_c.a
LOAD d:/mcux/mcuxpressoide_11.6.1_8255/ide/plugins/com.nxp.mcuxpresso.tools.win32_11.6.1.202207200623/tools/bin/../lib/gcc/arm-none-eabi/10.3.1/thumb/v8-m.main+fp/hard\libcr_eabihelpers.a
LOAD d:/mcux/mcuxpressoide_11.6.1_8255/ide/plugins/com.nxp.mcuxpresso.tools.win32_11.6.1.202207200623/tools/bin/../lib/gcc/arm-none-eabi/10.3.1/thumb/v8-m.main+fp/hard\libgcc.a
END GROUP
                0x00000000                __base_PROGRAM_FLASH = 0x0
                0x00000000                __base_Flash = 0x0
                0x0009d800                __top_PROGRAM_FLASH = 0x9d800
                0x0009d800                __top_Flash = 0x9d800
                0x20000000                __base_SRAM = 0x20000000
                0x20000000                __base_RAM = 0x20000000
                0x20040000                __top_SRAM = 0x20040000
                0x20040000                __top_RAM = 0x20040000
                0x04000000                __base_SRAMX = 0x4000000
                0x04000000                __base_RAM2 = 0x4000000
                0x04008000                __top_SRAMX = 0x4008000
                0x04008000                __top_RAM2 = 0x4008000
                0x40100000                __base_USB_RAM = 0x40100000
                0x40100000                __base_RAM3 = 0x40100000
                0x40104000                __top_USB_RAM = 0x40104000
                0x40104000                __top_RAM3 = 0x40104000
                0x20040000                __base_SRAM4 = 0x20040000
                0x20040000                __base_RAM4 = 0x20040000
                0x20044000                __top_SRAM4 = 0x20044000
                0x20044000                __top_RAM4 = 0x20044000

.text           0x00000000     0x6b28
 FILL mask 0xff
                0x00000000                __vectors_start__ = ABSOLUTE (.)
 *(SORT_BY_ALIGNMENT(.isr_vector))
 .isr_vector    0x00000000      0x130 ./startup/startup_lpc55s69_cm33_core0.o
                0x00000000                g_pfnVectors
                0x00000000                __Vectors
                0x00000130                . = ALIGN (0x4)
                0x00000130                __section_table_start = .
                0x00000130                __data_section_table = .
                0x00000130        0x4 LONG 0x6b28 LOADADDR (.data)
                0x00000134        0x4 LONG 0x20000000 ADDR (.data)
                0x00000138        0x4 LONG 0x14c SIZEOF (.data)
                0x0000013c        0x4 LONG 0x6b28 LOADADDR (.data_RAM2)
                0x00000140        0x4 LONG 0x4000000 ADDR (.data_RAM2)
                0x00000144        0x4 LONG 0x0 SIZEOF (.data_RAM2)
                0x00000148        0x4 LONG 0x6b28 LOADADDR (.data_RAM3)
                0x0000014c        0x4 LONG 0x40100000 ADDR (.data_RAM3)
                0x00000150        0x4 LONG 0x0 SIZEOF (.data_RAM3)
                0x00000154        0x4 LONG 0x6b28 LOADADDR (.data_RAM4)
                0x00000158        0x4 LONG 0x20040000 ADDR (.data_RAM4)
                0x0000015c        0x4 LONG 0x0 SIZEOF (.data_RAM4)
                0x00000160                __data_section_table_end = .
                0x00000160                __bss_section_table = .
                0x00000160        0x4 LONG 0x2000014c ADDR (.bss)
                0x00000164        0x4 LONG 0x5e4 SIZEOF (.bss)
                0x00000168        0x4 LONG 0x4000000 ADDR (.bss_RAM2)
                0x0000016c        0x4 LONG 0x0 SIZEOF (.bss_RAM2)
                0x00000170        0x4 LONG 0x40100000 ADDR (.bss_RAM3)
                0x00000174        0x4 LONG 0x0 SIZEOF (.bss_RAM3)
                0x00000178        0x4 LONG 0x20040000 ADDR (.bss_RAM4)
                0x0000017c        0x4 LONG 0x0 SIZEOF (.bss_RAM4)
                0x00000180                __bss_section_table_end = .
                0x00000180                __section_table_end = .
 *(SORT_BY_ALIGNMENT(.after_vectors*))
 .after_vectors.reset
                0x00000180       0x68 ./startup/startup_lpc55s69_cm33_core0.o
                0x00000180                ResetISR
 .after_vectors.init_data
                0x000001e8       0x1e ./startup/startup_lpc55s69_cm33_core0.o
                0x000001e8                data_init
 .after_vectors.init_bss
                0x00000206       0x12 ./startup/startup_lpc55s69_cm33_core0.o
                0x00000206                bss_init
 .after_vectors
                0x00000218       0x16 ./startup/startup_lpc55s69_cm33_core0.o
                0x00000218                NMI_Handler
                0x0000021c                MemManage_Handler
                0x0000021e                BusFault_Handler
                0x00000220                UsageFault_Handler
                0x00000222                SecureFault_Handler
                0x00000224                SVC_Handler
                0x00000226                DebugMon_Handler
                0x00000228                PendSV_Handler
                0x0000022a                SysTick_Handler
                0x0000022c                Reserved56_DriverIRQHandler
                0x0000022c                PIN_INT0_DriverIRQHandler
                0x0000022c                PIN_INT2_DriverIRQHandler
                0x0000022c                PIN_INT3_DriverIRQHandler
                0x0000022c                IntDefaultHandler
                0x0000022c                USB0_DriverIRQHandler
                0x0000022c                CASER_DriverIRQHandler
                0x0000022c                MRT0_DriverIRQHandler
                0x0000022c                UTICK0_DriverIRQHandler
                0x0000022c                Reserved41_DriverIRQHandler
                0x0000022c                PIN_INT4_DriverIRQHandler
                0x0000022c                PIN_INT5_DriverIRQHandler
                0x0000022c                SEC_GPIO_INT0_IRQ0_DriverIRQHandler
                0x0000022c                GINT1_DriverIRQHandler
                0x0000022c                PIN_INT7_DriverIRQHandler
                0x0000022c                Reserved55_DriverIRQHandler
                0x0000022c                SEC_VIO_DriverIRQHandler
                0x0000022c                USB0_NEEDCLK_DriverIRQHandler
                0x0000022c                Reserved42_DriverIRQHandler
                0x0000022c                PIN_INT6_DriverIRQHandler
                0x0000022c                PQ_DriverIRQHandler
                0x0000022c                MAILBOX_DriverIRQHandler
                0x0000022c                PIN_INT1_DriverIRQHandler
                0x0000022c                Reserved61_DriverIRQHandler
                0x0000022c                SEC_GPIO_INT0_IRQ1_DriverIRQHandler
                0x0000022c                PUF_DriverIRQHandler
                0x0000022c                RTC_DriverIRQHandler
                0x0000022c                DMA0_DriverIRQHandler
                0x0000022c                Reserved39_DriverIRQHandler
                0x0000022c                USB1_DriverIRQHandler
                0x0000022c                Reserved60_DriverIRQHandler
                0x0000022c                DMA1_DriverIRQHandler
                0x0000022c                ADC0_DriverIRQHandler
                0x0000022c                USB1_NEEDCLK_DriverIRQHandler
                0x0000022c                Reserved59_DriverIRQHandler
                0x0000022c                SDIO_DriverIRQHandler
                0x0000022c                GINT0_DriverIRQHandler
                0x0000022c                USB1_PHY_DriverIRQHandler
                0x0000022c                ACMP_DriverIRQHandler
                0x0000022c                Reserved57_DriverIRQHandler
                0x0000022c                HASHCRYPT_DriverIRQHandler
                0x0000022c                Reserved46_DriverIRQHandler
                0x0000022c                WDT_BOD_DriverIRQHandler
                0x0000022c                SCT0_DriverIRQHandler
                0x0000022c                PLU_DriverIRQHandler
                0x0000022c                OS_EVENT_DriverIRQHandler
                0x0000022c                SEC_HYPERVISOR_CALL_DriverIRQHandler
 *(SORT_BY_ALIGNMENT(.text*))
 *fill*         0x0000022e        0x2 ff
 .text.__assertion_failed
                0x00000230       0x18 ./utilities/fsl_assert.o
                0x00000230                __assertion_failed
 .text.DbgConsole_SendDataReliable
                0x00000248       0x54 ./utilities/fsl_debug_console.o
                0x00000248                DbgConsole_SendDataReliable
 .text.DbgConsole_Init
                0x0000029c      0x128 ./utilities/fsl_debug_console.o
                0x0000029c                DbgConsole_Init
 .text.DbgConsole_Vprintf
                0x000003c4       0x6c ./utilities/fsl_debug_console.o
                0x000003c4                DbgConsole_Vprintf
 .text.POWER_DisablePD
                0x00000430       0x20 ./source/i2c.o
 .text.ADC0_IRQHandler
                0x00000450       0x3c ./source/i2c.o
                0x00000450                ADC0_IRQHandler
 .text.main     0x0000048c      0x2ec ./source/i2c.o
                0x0000048c                main
 .text.SPI_GetStatusFlags
                0x00000778       0x28 ./source/neopixels.o
 .text.Neopixels_Init
                0x000007a0       0x2c ./source/neopixels.o
                0x000007a0                Neopixels_Init
 .text.Neopixels_Send
                0x000007cc       0xd0 ./source/neopixels.o
                0x000007cc                Neopixels_Send
 .text.OLED_Write_Byte
                0x0000089c       0x64 ./source/oled.o
 .text.OLED_Init
                0x00000900       0xf8 ./source/oled.o
                0x00000900                OLED_Init
 .text.OLED_Refresh_Gram
                0x000009f8       0x70 ./source/oled.o
                0x000009f8                OLED_Refresh_Gram
 .text.OLED_Clear_Screen
                0x00000a68       0x6c ./source/oled.o
                0x00000a68                OLED_Clear_Screen
 .text.OLED_Draw_Point
                0x00000ad4       0xa8 ./source/oled.o
                0x00000ad4                OLED_Draw_Point
 .text.OLED_Puts
                0x00000b7c       0xb0 ./source/oled.o
                0x00000b7c                OLED_Puts
 .text.POWER_EnablePD
                0x00000c2c       0x20 ./drivers/fsl_clock.o
 .text.POWER_DisablePD
                0x00000c4c       0x20 ./drivers/fsl_clock.o
 .text.CLOCK_AttachClk
                0x00000c6c       0x98 ./drivers/fsl_clock.o
                0x00000c6c                CLOCK_AttachClk
 .text.CLOCK_SetClkDiv
                0x00000d04       0x80 ./drivers/fsl_clock.o
                0x00000d04                CLOCK_SetClkDiv
 .text.CLOCK_SetupFROClocking
                0x00000d84       0x80 ./drivers/fsl_clock.o
                0x00000d84                CLOCK_SetupFROClocking
 .text.CLOCK_SetFLASHAccessCyclesForFreq
                0x00000e04      0x148 ./drivers/fsl_clock.o
                0x00000e04                CLOCK_SetFLASHAccessCyclesForFreq
 .text.CLOCK_SetupExtClocking
                0x00000f4c       0x50 ./drivers/fsl_clock.o
                0x00000f4c                CLOCK_SetupExtClocking
 .text.CLOCK_GetFro1MFreq
                0x00000f9c       0x28 ./drivers/fsl_clock.o
                0x00000f9c                CLOCK_GetFro1MFreq
 .text.CLOCK_GetExtClkFreq
                0x00000fc4       0x2c ./drivers/fsl_clock.o
                0x00000fc4                CLOCK_GetExtClkFreq
 .text.CLOCK_GetOsc32KFreq
                0x00000ff0       0x58 ./drivers/fsl_clock.o
                0x00000ff0                CLOCK_GetOsc32KFreq
 .text.CLOCK_GetPLL0InClockRate
                0x00001048       0x64 ./drivers/fsl_clock.o
                0x00001048                CLOCK_GetPLL0InClockRate
 .text.CLOCK_SetPLL0Freq
                0x000010ac      0x12c ./drivers/fsl_clock.o
                0x000010ac                CLOCK_SetPLL0Freq
 .text.SDK_DelayAtLeastUs
                0x000011d8       0x8c ./drivers/fsl_common_arm.o
                0x000011d8                SDK_DelayAtLeastUs
 .text.__NVIC_EnableIRQ
                0x00001264       0x3c ./drivers/fsl_ctimer.o
 .text.CTIMER_GetInstance
                0x000012a0       0x54 ./drivers/fsl_ctimer.o
 .text.CTIMER_Init
                0x000012f4       0x74 ./drivers/fsl_ctimer.o
                0x000012f4                CTIMER_Init
 .text.CTIMER_SetupMatch
                0x00001368      0x11c ./drivers/fsl_ctimer.o
                0x00001368                CTIMER_SetupMatch
 .text.CTIMER_GenericIRQHandler
                0x00001484       0xb4 ./drivers/fsl_ctimer.o
 .text.FLEXCOMM_GetInstance
                0x00001538       0x50 ./drivers/fsl_flexcomm.o
                0x00001538                FLEXCOMM_GetInstance
 .text.FLEXCOMM_Init
                0x00001588       0x50 ./drivers/fsl_flexcomm.o
                0x00001588                FLEXCOMM_Init
 .text.FLEXCOMM0_DriverIRQHandler
                0x000015d8       0x5c ./drivers/fsl_flexcomm.o
                0x000015d8                FLEXCOMM0_DriverIRQHandler
 .text.FLEXCOMM1_DriverIRQHandler
                0x00001634       0x5c ./drivers/fsl_flexcomm.o
                0x00001634                FLEXCOMM1_DriverIRQHandler
 .text.FLEXCOMM2_DriverIRQHandler
                0x00001690       0x5c ./drivers/fsl_flexcomm.o
                0x00001690                FLEXCOMM2_DriverIRQHandler
 .text.FLEXCOMM3_DriverIRQHandler
                0x000016ec       0x5c ./drivers/fsl_flexcomm.o
                0x000016ec                FLEXCOMM3_DriverIRQHandler
 .text.FLEXCOMM4_DriverIRQHandler
                0x00001748       0x5c ./drivers/fsl_flexcomm.o
                0x00001748                FLEXCOMM4_DriverIRQHandler
 .text.FLEXCOMM5_DriverIRQHandler
                0x000017a4       0x5c ./drivers/fsl_flexcomm.o
                0x000017a4                FLEXCOMM5_DriverIRQHandler
 .text.FLEXCOMM6_DriverIRQHandler
                0x00001800       0x5c ./drivers/fsl_flexcomm.o
                0x00001800                FLEXCOMM6_DriverIRQHandler
 .text.FLEXCOMM7_DriverIRQHandler
                0x0000185c       0x5c ./drivers/fsl_flexcomm.o
                0x0000185c                FLEXCOMM7_DriverIRQHandler
 .text.FLEXCOMM8_DriverIRQHandler
                0x000018b8       0x5c ./drivers/fsl_flexcomm.o
                0x000018b8                FLEXCOMM8_DriverIRQHandler
 .text.GPIO_EnablePortClock
                0x00001914       0x34 ./drivers/fsl_gpio.o
 .text.I2C_ClearStatusFlags
                0x00001948       0x2c ./drivers/fsl_i2c.o
 .text.I2C_MasterSetBaudRate
                0x00001974      0x13c ./drivers/fsl_i2c.o
                0x00001974                I2C_MasterSetBaudRate
 .text.I2C_MasterSetTimeoutValue
                0x00001ab0       0x74 ./drivers/fsl_i2c.o
                0x00001ab0                I2C_MasterSetTimeoutValue
 .text.I2C_PendingStatusWait
                0x00001b24       0x74 ./drivers/fsl_i2c.o
 .text.I2C_MasterWriteBlocking
                0x00001b98       0xe4 ./drivers/fsl_i2c.o
                0x00001b98                I2C_MasterWriteBlocking
 .text.LPADC_GetInstance
                0x00001c7c       0x44 ./drivers/fsl_lpadc.o
 .text.LPADC_Init
                0x00001cc0      0x114 ./drivers/fsl_lpadc.o
                0x00001cc0                LPADC_Init
 .text.LPADC_GetConvResult
                0x00001dd4       0x6c ./drivers/fsl_lpadc.o
                0x00001dd4                LPADC_GetConvResult
 .text.LPADC_SetConvTriggerConfig
                0x00001e40       0x8c ./drivers/fsl_lpadc.o
                0x00001e40                LPADC_SetConvTriggerConfig
 .text.LPADC_SetConvCommandConfig
                0x00001ecc      0x110 ./drivers/fsl_lpadc.o
                0x00001ecc                LPADC_SetConvCommandConfig
 .text.LPADC_DoAutoCalibration
                0x00001fdc       0xec ./drivers/fsl_lpadc.o
                0x00001fdc                LPADC_DoAutoCalibration
 .text.lowpower_set_system_voltage
                0x000020c8      0x154 ./drivers/fsl_power.o
 .text.lowpower_set_dcdc_power_profile
                0x0000221c       0xec ./drivers/fsl_power.o
 .text.lowpower_get_part_process_corner
                0x00002308       0x94 ./drivers/fsl_power.o
 .text.POWER_SetVoltageForFreq
                0x0000239c       0x50 ./drivers/fsl_power.o
                0x0000239c                POWER_SetVoltageForFreq
 .text.RESET_SetPeripheralReset
                0x000023ec       0x5c ./drivers/fsl_reset.o
                0x000023ec                RESET_SetPeripheralReset
 .text.RESET_ClearPeripheralReset
                0x00002448       0x60 ./drivers/fsl_reset.o
                0x00002448                RESET_ClearPeripheralReset
 .text.SPI_SetTransferDelay
                0x000024a8       0x60 ./drivers/fsl_spi.o
 .text.SPI_GetInstance
                0x00002508       0x4c ./drivers/fsl_spi.o
                0x00002508                SPI_GetInstance
 .text.SPI_SetDummyData
                0x00002554       0x2c ./drivers/fsl_spi.o
                0x00002554                SPI_SetDummyData
 .text.SPI_MasterInit
                0x00002580      0x190 ./drivers/fsl_spi.o
                0x00002580                SPI_MasterInit
 .text.SPI_MasterSetBaud
                0x00002710       0x9c ./drivers/fsl_spi.o
                0x00002710                SPI_MasterSetBaud
 .text.SPI_WriteData
                0x000027ac       0x98 ./drivers/fsl_spi.o
                0x000027ac                SPI_WriteData
 .text.USART_Init
                0x00002844      0x1cc ./drivers/fsl_usart.o
                0x00002844                USART_Init
 .text.USART_GetDefaultConfig
                0x00002a10       0x80 ./drivers/fsl_usart.o
                0x00002a10                USART_GetDefaultConfig
 .text.USART_SetBaudRate
                0x00002a90      0x174 ./drivers/fsl_usart.o
                0x00002a90                USART_SetBaudRate
 .text.USART_WriteBlocking
                0x00002c04       0x8c ./drivers/fsl_usart.o
                0x00002c04                USART_WriteBlocking
 .text.SystemInit
                0x00002c90       0x64 ./device/system_LPC55S69_cm33_core0.o
                0x00002c90                SystemInit
 .text.HAL_UartInitCommon
                0x00002cf4      0x110 ./component/uart/fsl_adapter_usart.o
 .text.HAL_UartSendBlocking
                0x00002e04       0x64 ./component/uart/fsl_adapter_usart.o
                0x00002e04                HAL_UartSendBlocking
 .text.BOARD_InitDebugConsole
                0x00002e68       0x38 ./board/board.o
                0x00002e68                BOARD_InitDebugConsole
 .text.POWER_DisablePD
                0x00002ea0       0x20 ./board/clock_config.o
 .text.BOARD_BootClockPLL150M
                0x00002ec0      0x134 ./board/clock_config.o
                0x00002ec0                BOARD_BootClockPLL150M
 .text.__NVIC_EnableIRQ
                0x00002ff4       0x3c ./board/peripherals.o
 .text.__NVIC_SetPriority
                0x00003030       0x54 ./board/peripherals.o
 .text.FLEXCOMM1_init
                0x00003084       0x20 ./board/peripherals.o
 .text.ADC0_init
                0x000030a4       0x50 ./board/peripherals.o
 .text.CTIMER0_init
                0x000030f4       0x2c ./board/peripherals.o
 .text.FLEXCOMM3_init
                0x00003120       0x20 ./board/peripherals.o
 .text.BOARD_InitDEBUG_UARTPins
                0x00003140       0x3c ./board/pin_mux.o
                0x00003140                BOARD_InitDEBUG_UARTPins
 .text.BOARD_InitPMODPins
                0x0000317c       0xa4 ./board/pin_mux.o
                0x0000317c                BOARD_InitPMODPins
 .text.BOARD_InitNeopixelsPin
                0x00003220       0x2c ./board/pin_mux.o
                0x00003220                BOARD_InitNeopixelsPin
 .text.malloc   0x0000324c       0xc8 d:/mcux/mcuxpressoide_11.6.1_8255/ide/plugins/com.nxp.mcuxpresso.tools.win32_11.6.1.202207200623/tools/bin/../lib/gcc/arm-none-eabi/10.3.1/../../../../arm-none-eabi/lib/thumb/v8-m.main+fp/hard\libcr_c.a(alloc.o)
                0x0000324c                malloc
 .text._Csys_alloc
                0x00003314       0x20 d:/mcux/mcuxpressoide_11.6.1_8255/ide/plugins/com.nxp.mcuxpresso.tools.win32_11.6.1.202207200623/tools/bin/../lib/gcc/arm-none-eabi/10.3.1/../../../../arm-none-eabi/lib/thumb/v8-m.main+fp/hard\libcr_c.a(alloc.o)
                0x00003314                _Csys_alloc
 .text._initio  0x00003334       0x78 d:/mcux/mcuxpressoide_11.6.1_8255/ide/plugins/com.nxp.mcuxpresso.tools.win32_11.6.1.202207200623/tools/bin/../lib/gcc/arm-none-eabi/10.3.1/../../../../arm-none-eabi/lib/thumb/v8-m.main+fp/hard\libcr_c.a(initio.o)
                0x00003334                _initio
 .text.__vfprintf
                0x000033ac      0xbf4 d:/mcux/mcuxpressoide_11.6.1_8255/ide/plugins/com.nxp.mcuxpresso.tools.win32_11.6.1.202207200623/tools/bin/../lib/gcc/arm-none-eabi/10.3.1/../../../../arm-none-eabi/lib/thumb/v8-m.main+fp/hard\libcr_c.a(printf.o)
                0x000033ac                __vfprintf
 .text._sprintf
                0x00003fa0       0x6c d:/mcux/mcuxpressoide_11.6.1_8255/ide/plugins/com.nxp.mcuxpresso.tools.win32_11.6.1.202207200623/tools/bin/../lib/gcc/arm-none-eabi/10.3.1/../../../../arm-none-eabi/lib/thumb/v8-m.main+fp/hard\libcr_c.a(printf.o)
                0x00003fa0                _sprintf
 .text._sbrk    0x0000400c       0x3c d:/mcux/mcuxpressoide_11.6.1_8255/ide/plugins/com.nxp.mcuxpresso.tools.win32_11.6.1.202207200623/tools/bin/../lib/gcc/arm-none-eabi/10.3.1/../../../../arm-none-eabi/lib/thumb/v8-m.main+fp/hard\libcr_c.a(_cr_sbrk.o)
                0x0000400c                _sbrk
 .text._Cwritebuf
                0x00004048       0x6c d:/mcux/mcuxpressoide_11.6.1_8255/ide/plugins/com.nxp.mcuxpresso.tools.win32_11.6.1.202207200623/tools/bin/../lib/gcc/arm-none-eabi/10.3.1/../../../../arm-none-eabi/lib/thumb/v8-m.main+fp/hard\libcr_c.a(_writebuf.o)
                0x00004048                _Cwritebuf
 .text.fflush   0x000040b4       0x3c d:/mcux/mcuxpressoide_11.6.1_8255/ide/plugins/com.nxp.mcuxpresso.tools.win32_11.6.1.202207200623/tools/bin/../lib/gcc/arm-none-eabi/10.3.1/../../../../arm-none-eabi/lib/thumb/v8-m.main+fp/hard\libcr_c.a(fflush.o)
                0x000040b4                fflush
 .text.fseek    0x000040f0       0xfc d:/mcux/mcuxpressoide_11.6.1_8255/ide/plugins/com.nxp.mcuxpresso.tools.win32_11.6.1.202207200623/tools/bin/../lib/gcc/arm-none-eabi/10.3.1/../../../../arm-none-eabi/lib/thumb/v8-m.main+fp/hard\libcr_c.a(fseek.o)
                0x000040f0                fseek
 .text.ftell    0x000041ec       0x44 d:/mcux/mcuxpressoide_11.6.1_8255/ide/plugins/com.nxp.mcuxpresso.tools.win32_11.6.1.202207200623/tools/bin/../lib/gcc/arm-none-eabi/10.3.1/../../../../arm-none-eabi/lib/thumb/v8-m.main+fp/hard\libcr_c.a(ftell.o)
                0x000041ec                ftell
 .text.__check_heap_overflow
                0x00004230       0x18 d:/mcux/mcuxpressoide_11.6.1_8255/ide/plugins/com.nxp.mcuxpresso.tools.win32_11.6.1.202207200623/tools/bin/../lib/gcc/arm-none-eabi/10.3.1/../../../../arm-none-eabi/lib/thumb/v8-m.main+fp/hard\libcr_c.a(_cr_check_heap.o)
                0x00004230                __check_heap_overflow
 .text.DbgConsole_PrintCallback
                0x00004248       0x66 ./utilities/fsl_debug_console.o
 .text.DbgConsole_Printf
                0x000042ae       0x2c ./utilities/fsl_debug_console.o
                0x000042ae                DbgConsole_Printf
 .text.PrintGetWidth
                0x000042da       0x6a ./utilities/fsl_str.o
 .text.PrintGetPrecision
                0x00004344       0x8c ./utilities/fsl_str.o
 .text.PrintIsobpu
                0x000043d0       0x38 ./utilities/fsl_str.o
 .text.PrintIsdi
                0x00004408       0x2c ./utilities/fsl_str.o
 .text.PrintOutputdifFobpu
                0x00004434       0x44 ./utilities/fsl_str.o
 .text.PrintOutputxX
                0x00004478       0x44 ./utilities/fsl_str.o
 .text.PrintIsfF
                0x000044bc       0x2c ./utilities/fsl_str.o
 .text.PrintIsxX
                0x000044e8       0x2c ./utilities/fsl_str.o
 .text.PrintFilterLengthFlag
                0x00004514       0x3e ./utilities/fsl_str.o
 .text.PrintGetRadixFromobpu
                0x00004552       0x40 ./utilities/fsl_str.o
 .text.ConvertRadixNumToString
                0x00004592       0xc2 ./utilities/fsl_str.o
 .text.StrFormatPrintf
                0x00004654      0x2ac ./utilities/fsl_str.o
                0x00004654                StrFormatPrintf
 .text.WDT_BOD_IRQHandler
                0x00004900        0x8 ./startup/startup_lpc55s69_cm33_core0.o
                0x00004900                WDT_BOD_IRQHandler
 .text.DMA0_IRQHandler
                0x00004908        0x8 ./startup/startup_lpc55s69_cm33_core0.o
                0x00004908                DMA0_IRQHandler
 .text.GINT0_IRQHandler
                0x00004910        0x8 ./startup/startup_lpc55s69_cm33_core0.o
                0x00004910                GINT0_IRQHandler
 .text.GINT1_IRQHandler
                0x00004918        0x8 ./startup/startup_lpc55s69_cm33_core0.o
                0x00004918                GINT1_IRQHandler
 .text.PIN_INT0_IRQHandler
                0x00004920        0x8 ./startup/startup_lpc55s69_cm33_core0.o
                0x00004920                PIN_INT0_IRQHandler
 .text.PIN_INT1_IRQHandler
                0x00004928        0x8 ./startup/startup_lpc55s69_cm33_core0.o
                0x00004928                PIN_INT1_IRQHandler
 .text.PIN_INT2_IRQHandler
                0x00004930        0x8 ./startup/startup_lpc55s69_cm33_core0.o
                0x00004930                PIN_INT2_IRQHandler
 .text.PIN_INT3_IRQHandler
                0x00004938        0x8 ./startup/startup_lpc55s69_cm33_core0.o
                0x00004938                PIN_INT3_IRQHandler
 .text.UTICK0_IRQHandler
                0x00004940        0x8 ./startup/startup_lpc55s69_cm33_core0.o
                0x00004940                UTICK0_IRQHandler
 .text.MRT0_IRQHandler
                0x00004948        0x8 ./startup/startup_lpc55s69_cm33_core0.o
                0x00004948                MRT0_IRQHandler
 .text.CTIMER0_IRQHandler
                0x00004950        0x8 ./startup/startup_lpc55s69_cm33_core0.o
                0x00004950                CTIMER0_IRQHandler
 .text.CTIMER1_IRQHandler
                0x00004958        0x8 ./startup/startup_lpc55s69_cm33_core0.o
                0x00004958                CTIMER1_IRQHandler
 .text.SCT0_IRQHandler
                0x00004960        0x8 ./startup/startup_lpc55s69_cm33_core0.o
                0x00004960                SCT0_IRQHandler
 .text.CTIMER3_IRQHandler
                0x00004968        0x8 ./startup/startup_lpc55s69_cm33_core0.o
                0x00004968                CTIMER3_IRQHandler
 .text.FLEXCOMM0_IRQHandler
                0x00004970        0x8 ./startup/startup_lpc55s69_cm33_core0.o
                0x00004970                FLEXCOMM0_IRQHandler
 .text.FLEXCOMM1_IRQHandler
                0x00004978        0x8 ./startup/startup_lpc55s69_cm33_core0.o
                0x00004978                FLEXCOMM1_IRQHandler
 .text.FLEXCOMM2_IRQHandler
                0x00004980        0x8 ./startup/startup_lpc55s69_cm33_core0.o
                0x00004980                FLEXCOMM2_IRQHandler
 .text.FLEXCOMM3_IRQHandler
                0x00004988        0x8 ./startup/startup_lpc55s69_cm33_core0.o
                0x00004988                FLEXCOMM3_IRQHandler
 .text.FLEXCOMM4_IRQHandler
                0x00004990        0x8 ./startup/startup_lpc55s69_cm33_core0.o
                0x00004990                FLEXCOMM4_IRQHandler
 .text.FLEXCOMM5_IRQHandler
                0x00004998        0x8 ./startup/startup_lpc55s69_cm33_core0.o
                0x00004998                FLEXCOMM5_IRQHandler
 .text.FLEXCOMM6_IRQHandler
                0x000049a0        0x8 ./startup/startup_lpc55s69_cm33_core0.o
                0x000049a0                FLEXCOMM6_IRQHandler
 .text.FLEXCOMM7_IRQHandler
                0x000049a8        0x8 ./startup/startup_lpc55s69_cm33_core0.o
                0x000049a8                FLEXCOMM7_IRQHandler
 .text.Reserved39_IRQHandler
                0x000049b0        0x8 ./startup/startup_lpc55s69_cm33_core0.o
                0x000049b0                Reserved39_IRQHandler
 .text.ACMP_IRQHandler
                0x000049b8        0x8 ./startup/startup_lpc55s69_cm33_core0.o
                0x000049b8                ACMP_IRQHandler
 .text.Reserved41_IRQHandler
                0x000049c0        0x8 ./startup/startup_lpc55s69_cm33_core0.o
                0x000049c0                Reserved41_IRQHandler
 .text.Reserved42_IRQHandler
                0x000049c8        0x8 ./startup/startup_lpc55s69_cm33_core0.o
                0x000049c8                Reserved42_IRQHandler
 .text.USB0_NEEDCLK_IRQHandler
                0x000049d0        0x8 ./startup/startup_lpc55s69_cm33_core0.o
                0x000049d0                USB0_NEEDCLK_IRQHandler
 .text.USB0_IRQHandler
                0x000049d8        0x8 ./startup/startup_lpc55s69_cm33_core0.o
                0x000049d8                USB0_IRQHandler
 .text.RTC_IRQHandler
                0x000049e0        0x8 ./startup/startup_lpc55s69_cm33_core0.o
                0x000049e0                RTC_IRQHandler
 .text.Reserved46_IRQHandler
                0x000049e8        0x8 ./startup/startup_lpc55s69_cm33_core0.o
                0x000049e8                Reserved46_IRQHandler
 .text.MAILBOX_IRQHandler
                0x000049f0        0x8 ./startup/startup_lpc55s69_cm33_core0.o
                0x000049f0                MAILBOX_IRQHandler
 .text.PIN_INT4_IRQHandler
                0x000049f8        0x8 ./startup/startup_lpc55s69_cm33_core0.o
                0x000049f8                PIN_INT4_IRQHandler
 .text.PIN_INT5_IRQHandler
                0x00004a00        0x8 ./startup/startup_lpc55s69_cm33_core0.o
                0x00004a00                PIN_INT5_IRQHandler
 .text.PIN_INT6_IRQHandler
                0x00004a08        0x8 ./startup/startup_lpc55s69_cm33_core0.o
                0x00004a08                PIN_INT6_IRQHandler
 .text.PIN_INT7_IRQHandler
                0x00004a10        0x8 ./startup/startup_lpc55s69_cm33_core0.o
                0x00004a10                PIN_INT7_IRQHandler
 .text.CTIMER2_IRQHandler
                0x00004a18        0x8 ./startup/startup_lpc55s69_cm33_core0.o
                0x00004a18                CTIMER2_IRQHandler
 .text.CTIMER4_IRQHandler
                0x00004a20        0x8 ./startup/startup_lpc55s69_cm33_core0.o
                0x00004a20                CTIMER4_IRQHandler
 .text.OS_EVENT_IRQHandler
                0x00004a28        0x8 ./startup/startup_lpc55s69_cm33_core0.o
                0x00004a28                OS_EVENT_IRQHandler
 .text.Reserved55_IRQHandler
                0x00004a30        0x8 ./startup/startup_lpc55s69_cm33_core0.o
                0x00004a30                Reserved55_IRQHandler
 .text.Reserved56_IRQHandler
                0x00004a38        0x8 ./startup/startup_lpc55s69_cm33_core0.o
                0x00004a38                Reserved56_IRQHandler
 .text.Reserved57_IRQHandler
                0x00004a40        0x8 ./startup/startup_lpc55s69_cm33_core0.o
                0x00004a40                Reserved57_IRQHandler
 .text.SDIO_IRQHandler
                0x00004a48        0x8 ./startup/startup_lpc55s69_cm33_core0.o
                0x00004a48                SDIO_IRQHandler
 .text.Reserved59_IRQHandler
                0x00004a50        0x8 ./startup/startup_lpc55s69_cm33_core0.o
                0x00004a50                Reserved59_IRQHandler
 .text.Reserved60_IRQHandler
                0x00004a58        0x8 ./startup/startup_lpc55s69_cm33_core0.o
                0x00004a58                Reserved60_IRQHandler
 .text.Reserved61_IRQHandler
                0x00004a60        0x8 ./startup/startup_lpc55s69_cm33_core0.o
                0x00004a60                Reserved61_IRQHandler
 .text.USB1_PHY_IRQHandler
                0x00004a68        0x8 ./startup/startup_lpc55s69_cm33_core0.o
                0x00004a68                USB1_PHY_IRQHandler
 .text.USB1_IRQHandler
                0x00004a70        0x8 ./startup/startup_lpc55s69_cm33_core0.o
                0x00004a70                USB1_IRQHandler
 .text.USB1_NEEDCLK_IRQHandler
                0x00004a78        0x8 ./startup/startup_lpc55s69_cm33_core0.o
                0x00004a78                USB1_NEEDCLK_IRQHandler
 .text.SEC_HYPERVISOR_CALL_IRQHandler
                0x00004a80        0x8 ./startup/startup_lpc55s69_cm33_core0.o
                0x00004a80                SEC_HYPERVISOR_CALL_IRQHandler
 .text.SEC_GPIO_INT0_IRQ0_IRQHandler
                0x00004a88        0x8 ./startup/startup_lpc55s69_cm33_core0.o
                0x00004a88                SEC_GPIO_INT0_IRQ0_IRQHandler
 .text.SEC_GPIO_INT0_IRQ1_IRQHandler
                0x00004a90        0x8 ./startup/startup_lpc55s69_cm33_core0.o
                0x00004a90                SEC_GPIO_INT0_IRQ1_IRQHandler
 .text.PLU_IRQHandler
                0x00004a98        0x8 ./startup/startup_lpc55s69_cm33_core0.o
                0x00004a98                PLU_IRQHandler
 .text.SEC_VIO_IRQHandler
                0x00004aa0        0x8 ./startup/startup_lpc55s69_cm33_core0.o
                0x00004aa0                SEC_VIO_IRQHandler
 .text.HASHCRYPT_IRQHandler
                0x00004aa8        0x8 ./startup/startup_lpc55s69_cm33_core0.o
                0x00004aa8                HASHCRYPT_IRQHandler
 .text.CASER_IRQHandler
                0x00004ab0        0x8 ./startup/startup_lpc55s69_cm33_core0.o
                0x00004ab0                CASER_IRQHandler
 .text.PUF_IRQHandler
                0x00004ab8        0x8 ./startup/startup_lpc55s69_cm33_core0.o
                0x00004ab8                PUF_IRQHandler
 .text.PQ_IRQHandler
                0x00004ac0        0x8 ./startup/startup_lpc55s69_cm33_core0.o
                0x00004ac0                PQ_IRQHandler
 .text.DMA1_IRQHandler
                0x00004ac8        0x8 ./startup/startup_lpc55s69_cm33_core0.o
                0x00004ac8                DMA1_IRQHandler
 .text.FLEXCOMM8_IRQHandler
                0x00004ad0        0x8 ./startup/startup_lpc55s69_cm33_core0.o
                0x00004ad0                FLEXCOMM8_IRQHandler
 .text.increase_color
                0x00004ad8       0x5a ./source/i2c.o
                0x00004ad8                increase_color
 .text.decrease_color
                0x00004b32       0x5a ./source/i2c.o
                0x00004b32                decrease_color
 .text.OLED_Display_On
                0x00004b8c       0x20 ./source/oled.o
                0x00004b8c                OLED_Display_On
 .text.OLED_Draw_Line
                0x00004bac      0x18c ./source/oled.o
                0x00004bac                OLED_Draw_Line
 .text.HardFault_Handler
                0x00004d38       0x2c ./source/semihost_hardfault.o
                0x00004d38                HardFault_Handler
 .text.CLOCK_IsPLL0Locked
                0x00004d64       0x24 ./drivers/fsl_clock.o
 .text.findPll0PreDiv
                0x00004d88       0x3e ./drivers/fsl_clock.o
 .text.DelayLoop
                0x00004dc6       0x20 ./drivers/fsl_common_arm.o
 .text.CLOCK_EnableClock
                0x00004de6       0x30 ./drivers/fsl_ctimer.o
 .text.EnableIRQ
                0x00004e16       0x32 ./drivers/fsl_ctimer.o
 .text.CTIMER_GetStatusFlags
                0x00004e48       0x18 ./drivers/fsl_ctimer.o
 .text.CTIMER_ClearStatusFlags
                0x00004e60       0x1c ./drivers/fsl_ctimer.o
 .text.CTIMER0_DriverIRQHandler
                0x00004e7c        0xe ./drivers/fsl_ctimer.o
                0x00004e7c                CTIMER0_DriverIRQHandler
 .text.CTIMER1_DriverIRQHandler
                0x00004e8a        0xe ./drivers/fsl_ctimer.o
                0x00004e8a                CTIMER1_DriverIRQHandler
 .text.CTIMER2_DriverIRQHandler
                0x00004e98        0xe ./drivers/fsl_ctimer.o
                0x00004e98                CTIMER2_DriverIRQHandler
 .text.CTIMER3_DriverIRQHandler
                0x00004ea6        0xe ./drivers/fsl_ctimer.o
                0x00004ea6                CTIMER3_DriverIRQHandler
 .text.CTIMER4_DriverIRQHandler
                0x00004eb4        0xe ./drivers/fsl_ctimer.o
                0x00004eb4                CTIMER4_DriverIRQHandler
 .text.CLOCK_EnableClock
                0x00004ec2       0x30 ./drivers/fsl_flexcomm.o
 .text.FLEXCOMM_PeripheralIsPresent
                0x00004ef2       0x64 ./drivers/fsl_flexcomm.o
 .text.FLEXCOMM_SetPeriph
                0x00004f56       0x74 ./drivers/fsl_flexcomm.o
 .text.CLOCK_EnableClock
                0x00004fca       0x30 ./drivers/fsl_gpio.o
 .text.GPIO_PinInit
                0x00004ffa       0xa4 ./drivers/fsl_gpio.o
                0x00004ffa                GPIO_PinInit
 .text.I2C_MasterEnable
                0x0000509e       0x44 ./drivers/fsl_i2c.o
 .text.I2C_MasterInit
                0x000050e2       0x44 ./drivers/fsl_i2c.o
                0x000050e2                I2C_MasterInit
 .text.I2C_GetStatusFlags
                0x00005126       0x88 ./drivers/fsl_i2c.o
                0x00005126                I2C_GetStatusFlags
 .text.I2C_MasterStart
                0x000051ae       0x46 ./drivers/fsl_i2c.o
                0x000051ae                I2C_MasterStart
 .text.I2C_MasterStop
                0x000051f4       0x2c ./drivers/fsl_i2c.o
                0x000051f4                I2C_MasterStop
 .text.CLOCK_EnableClock
                0x00005220       0x30 ./drivers/fsl_lpadc.o
 .text.LPADC_Enable
                0x00005250       0x38 ./drivers/fsl_lpadc.o
 .text.LPADC_DoResetFIFO0
                0x00005288       0x20 ./drivers/fsl_lpadc.o
 .text.LPADC_DoResetFIFO1
                0x000052a8       0x20 ./drivers/fsl_lpadc.o
 .text.LPADC_DoResetConfig
                0x000052c8       0x2c ./drivers/fsl_lpadc.o
 .text.LPADC_GetConvResultCount
                0x000052f4       0x26 ./drivers/fsl_lpadc.o
 .text.lowpower_set_voltage_for_process
                0x0000531a       0xaa ./drivers/fsl_power.o
 .text.RESET_PeripheralReset
                0x000053c4       0x1c ./drivers/fsl_reset.o
                0x000053c4                RESET_PeripheralReset
 .text.SPI_Enable
                0x000053e0       0x40 ./drivers/fsl_spi.o
 .text.USART_EnableContinuousSCLK
                0x00005420       0x38 ./drivers/fsl_usart.o
 .text.SystemInitHook
                0x00005458        0xe ./device/system_LPC55S69_cm33_core0.o
                0x00005458                SystemInitHook
 .text.HAL_UartGetStatus
                0x00005466       0x22 ./component/uart/fsl_adapter_usart.o
 .text.HAL_UartInit
                0x00005488       0x36 ./component/uart/fsl_adapter_usart.o
                0x00005488                HAL_UartInit
 .text.DisableGlobalIRQ
                0x000054be       0x22 ./component/serial_manager/fsl_component_serial_manager.o
 .text.EnableGlobalIRQ
                0x000054e0       0x20 ./component/serial_manager/fsl_component_serial_manager.o
 .text.SerialManager_StartWriting
                0x00005500       0x38 ./component/serial_manager/fsl_component_serial_manager.o
 .text.SerialManager_Write
                0x00005538       0x44 ./component/serial_manager/fsl_component_serial_manager.o
 .text.SerialManager_Init
                0x0000557c       0x60 ./component/serial_manager/fsl_component_serial_manager.o
                0x0000557c                SerialManager_Init
 .text.SerialManager_OpenWriteHandle
                0x000055dc       0x50 ./component/serial_manager/fsl_component_serial_manager.o
                0x000055dc                SerialManager_OpenWriteHandle
 .text.SerialManager_OpenReadHandle
                0x0000562c       0x60 ./component/serial_manager/fsl_component_serial_manager.o
                0x0000562c                SerialManager_OpenReadHandle
 .text.SerialManager_WriteBlocking
                0x0000568c       0x20 ./component/serial_manager/fsl_component_serial_manager.o
                0x0000568c                SerialManager_WriteBlocking
 .text.Serial_UartInit
                0x000056ac       0x3e ./component/serial_manager/fsl_component_serial_port_uart.o
                0x000056ac                Serial_UartInit
 .text.Serial_UartWrite
                0x000056ea       0x38 ./component/serial_manager/fsl_component_serial_port_uart.o
                0x000056ea                Serial_UartWrite
 .text.BOARD_InitBootClocks
                0x00005722        0xc ./board/clock_config.o
                0x00005722                BOARD_InitBootClocks
 .text.EnableIRQ
                0x0000572e       0x32 ./board/peripherals.o
 .text.LPADC_EnableInterrupts
                0x00005760       0x22 ./board/peripherals.o
 .text.CTIMER_StartTimer
                0x00005782       0x20 ./board/peripherals.o
 .text.BOARD_InitPeripherals_cm33_core0
                0x000057a2       0x18 ./board/peripherals.o
                0x000057a2                BOARD_InitPeripherals_cm33_core0
 .text.BOARD_InitBootPeripherals
                0x000057ba        0xc ./board/peripherals.o
                0x000057ba                BOARD_InitBootPeripherals
 .text.CLOCK_EnableClock
                0x000057c6       0x30 ./board/pin_mux.o
 .text.IOCON_PinMuxSet
                0x000057f6       0x2e ./board/pin_mux.o
 .text.BOARD_InitBootPins
                0x00005824       0x14 ./board/pin_mux.o
                0x00005824                BOARD_InitBootPins
 .text.__main   0x00005838        0xe d:/mcux/mcuxpressoide_11.6.1_8255/ide/plugins/com.nxp.mcuxpresso.tools.win32_11.6.1.202207200623/tools/bin/../lib/gcc/arm-none-eabi/10.3.1/../../../../arm-none-eabi/lib/thumb/v8-m.main+fp/hard\libcr_nohost_nf.a(_cr__main.o)
                0x00005838                __main
 .text.memcpy   0x00005846        0x4 d:/mcux/mcuxpressoide_11.6.1_8255/ide/plugins/com.nxp.mcuxpresso.tools.win32_11.6.1.202207200623/tools/bin/../lib/gcc/arm-none-eabi/10.3.1/../../../../arm-none-eabi/lib/thumb/v8-m.main+fp/hard\libcr_c.a(memcpy.o)
                0x00005846                memcpy
 .text.memset   0x0000584a        0x4 d:/mcux/mcuxpressoide_11.6.1_8255/ide/plugins/com.nxp.mcuxpresso.tools.win32_11.6.1.202207200623/tools/bin/../lib/gcc/arm-none-eabi/10.3.1/../../../../arm-none-eabi/lib/thumb/v8-m.main+fp/hard\libcr_c.a(memset.o)
                0x0000584a                memset
 .text.free     0x0000584e       0x30 d:/mcux/mcuxpressoide_11.6.1_8255/ide/plugins/com.nxp.mcuxpresso.tools.win32_11.6.1.202207200623/tools/bin/../lib/gcc/arm-none-eabi/10.3.1/../../../../arm-none-eabi/lib/thumb/v8-m.main+fp/hard\libcr_c.a(alloc.o)
                0x0000584e                free
 .text.no_fp_display
                0x0000587e        0x4 d:/mcux/mcuxpressoide_11.6.1_8255/ide/plugins/com.nxp.mcuxpresso.tools.win32_11.6.1.202207200623/tools/bin/../lib/gcc/arm-none-eabi/10.3.1/../../../../arm-none-eabi/lib/thumb/v8-m.main+fp/hard\libcr_c.a(printf.o)
 .text.setvbuf  0x00005882       0x3e d:/mcux/mcuxpressoide_11.6.1_8255/ide/plugins/com.nxp.mcuxpresso.tools.win32_11.6.1.202207200623/tools/bin/../lib/gcc/arm-none-eabi/10.3.1/../../../../arm-none-eabi/lib/thumb/v8-m.main+fp/hard\libcr_c.a(setvbuf.o)
                0x00005882                setvbuf
 .text.abs      0x000058c0        0x8 d:/mcux/mcuxpressoide_11.6.1_8255/ide/plugins/com.nxp.mcuxpresso.tools.win32_11.6.1.202207200623/tools/bin/../lib/gcc/arm-none-eabi/10.3.1/../../../../arm-none-eabi/lib/thumb/v8-m.main+fp/hard\libcr_c.a(stdlib.o)
                0x000058c0                abs
 .text.strlen   0x000058c8       0x48 d:/mcux/mcuxpressoide_11.6.1_8255/ide/plugins/com.nxp.mcuxpresso.tools.win32_11.6.1.202207200623/tools/bin/../lib/gcc/arm-none-eabi/10.3.1/../../../../arm-none-eabi/lib/thumb/v8-m.main+fp/hard\libcr_c.a(strlen.o)
                0x000058c8                strlen
 .text._deferredlazyseek
                0x00005910       0x40 d:/mcux/mcuxpressoide_11.6.1_8255/ide/plugins/com.nxp.mcuxpresso.tools.win32_11.6.1.202207200623/tools/bin/../lib/gcc/arm-none-eabi/10.3.1/../../../../arm-none-eabi/lib/thumb/v8-m.main+fp/hard\libcr_c.a(_deferredlazyseek.o)
                0x00005910                _deferredlazyseek
 .text.__flsbuf
                0x00005950      0x140 d:/mcux/mcuxpressoide_11.6.1_8255/ide/plugins/com.nxp.mcuxpresso.tools.win32_11.6.1.202207200623/tools/bin/../lib/gcc/arm-none-eabi/10.3.1/../../../../arm-none-eabi/lib/thumb/v8-m.main+fp/hard\libcr_c.a(_deferredlazyseek.o)
                0x00005950                __flsbuf
 .text._fdopen  0x00005a90       0x68 d:/mcux/mcuxpressoide_11.6.1_8255/ide/plugins/com.nxp.mcuxpresso.tools.win32_11.6.1.202207200623/tools/bin/../lib/gcc/arm-none-eabi/10.3.1/../../../../arm-none-eabi/lib/thumb/v8-m.main+fp/hard\libcr_c.a(_fdopen.o)
                0x00005a90                _fdopen
 .text._fflush  0x00005af8       0x52 d:/mcux/mcuxpressoide_11.6.1_8255/ide/plugins/com.nxp.mcuxpresso.tools.win32_11.6.1.202207200623/tools/bin/../lib/gcc/arm-none-eabi/10.3.1/../../../../arm-none-eabi/lib/thumb/v8-m.main+fp/hard\libcr_c.a(_fflush.o)
                0x00005af8                _fflush
 .text.fclose   0x00005b4a       0x58 d:/mcux/mcuxpressoide_11.6.1_8255/ide/plugins/com.nxp.mcuxpresso.tools.win32_11.6.1.202207200623/tools/bin/../lib/gcc/arm-none-eabi/10.3.1/../../../../arm-none-eabi/lib/thumb/v8-m.main+fp/hard\libcr_c.a(fclose.o)
                0x00005b4a                fclose
 .text.remove   0x00005ba2       0x14 d:/mcux/mcuxpressoide_11.6.1_8255/ide/plugins/com.nxp.mcuxpresso.tools.win32_11.6.1.202207200623/tools/bin/../lib/gcc/arm-none-eabi/10.3.1/../../../../arm-none-eabi/lib/thumb/v8-m.main+fp/hard\libcr_c.a(remove.o)
                0x00005ba2                remove
 .text._do_fflush
                0x00005bb6       0x40 d:/mcux/mcuxpressoide_11.6.1_8255/ide/plugins/com.nxp.mcuxpresso.tools.win32_11.6.1.202207200623/tools/bin/../lib/gcc/arm-none-eabi/10.3.1/../../../../arm-none-eabi/lib/thumb/v8-m.main+fp/hard\libcr_c.a(_do_fflush.o)
                0x00005bb6                _do_fflush
 .text.__aeabi_division_uldivmod
                0x00005bf6      0x174 d:/mcux/mcuxpressoide_11.6.1_8255/ide/plugins/com.nxp.mcuxpresso.tools.win32_11.6.1.202207200623/tools/bin/../lib/gcc/arm-none-eabi/10.3.1/thumb/v8-m.main+fp/hard\libcr_eabihelpers.a(division_64.o)
                0x00005bf6                __aeabi_uldivmod
                0x00005bfa                __bhs_ldivmod1
 .text.__aeabi_division_idiv0
                0x00005d6a        0x2 d:/mcux/mcuxpressoide_11.6.1_8255/ide/plugins/com.nxp.mcuxpresso.tools.win32_11.6.1.202207200623/tools/bin/../lib/gcc/arm-none-eabi/10.3.1/thumb/v8-m.main+fp/hard\libcr_eabihelpers.a(division_idiv0.o)
                0x00005d6a                __aeabi_idiv0
 .text.__aeabi_memcpy
                0x00005d6c       0x34 d:/mcux/mcuxpressoide_11.6.1_8255/ide/plugins/com.nxp.mcuxpresso.tools.win32_11.6.1.202207200623/tools/bin/../lib/gcc/arm-none-eabi/10.3.1/thumb/v8-m.main+fp/hard\libcr_eabihelpers.a(memcpy.o)
                0x00005d6c                __aeabi_memcpy
                0x00005d76                __aeabi_memcpy8
                0x00005d76                __aeabi_memcpy4
 .text.__aeabi_memset_lowlevel
                0x00005da0       0x32 d:/mcux/mcuxpressoide_11.6.1_8255/ide/plugins/com.nxp.mcuxpresso.tools.win32_11.6.1.202207200623/tools/bin/../lib/gcc/arm-none-eabi/10.3.1/thumb/v8-m.main+fp/hard\libcr_eabihelpers.a(memcpy.o)
                0x00005da0                __aeabi_lowlevel_memset
 .text.__sys_appexit
                0x00005dd2        0x2 d:/mcux/mcuxpressoide_11.6.1_8255/ide/plugins/com.nxp.mcuxpresso.tools.win32_11.6.1.202207200623/tools/bin/../lib/gcc/arm-none-eabi/10.3.1/../../../../arm-none-eabi/lib/thumb/v8-m.main+fp/hard\libcr_nohost_nf.a(__sys_appexit.o)
                0x00005dd2                __sys_appexit
                0x00005dd2                __exit
 .text.__sys_close
                0x00005dd4        0x6 d:/mcux/mcuxpressoide_11.6.1_8255/ide/plugins/com.nxp.mcuxpresso.tools.win32_11.6.1.202207200623/tools/bin/../lib/gcc/arm-none-eabi/10.3.1/../../../../arm-none-eabi/lib/thumb/v8-m.main+fp/hard\libcr_nohost_nf.a(__sys_close.o)
                0x00005dd4                __sys_close
 .text.__sys_flen
                0x00005dda        0x6 d:/mcux/mcuxpressoide_11.6.1_8255/ide/plugins/com.nxp.mcuxpresso.tools.win32_11.6.1.202207200623/tools/bin/../lib/gcc/arm-none-eabi/10.3.1/../../../../arm-none-eabi/lib/thumb/v8-m.main+fp/hard\libcr_nohost_nf.a(__sys_flen.o)
                0x00005dda                __sys_flen
 .text.__sys_istty
                0x00005de0        0x6 d:/mcux/mcuxpressoide_11.6.1_8255/ide/plugins/com.nxp.mcuxpresso.tools.win32_11.6.1.202207200623/tools/bin/../lib/gcc/arm-none-eabi/10.3.1/../../../../arm-none-eabi/lib/thumb/v8-m.main+fp/hard\libcr_nohost_nf.a(__sys_istty.o)
                0x00005de0                __sys_istty
 .text.__sys_remove
                0x00005de6        0x6 d:/mcux/mcuxpressoide_11.6.1_8255/ide/plugins/com.nxp.mcuxpresso.tools.win32_11.6.1.202207200623/tools/bin/../lib/gcc/arm-none-eabi/10.3.1/../../../../arm-none-eabi/lib/thumb/v8-m.main+fp/hard\libcr_nohost_nf.a(__sys_remove.o)
                0x00005de6                __sys_remove
 .text.__sys_seek
                0x00005dec        0x6 d:/mcux/mcuxpressoide_11.6.1_8255/ide/plugins/com.nxp.mcuxpresso.tools.win32_11.6.1.202207200623/tools/bin/../lib/gcc/arm-none-eabi/10.3.1/../../../../arm-none-eabi/lib/thumb/v8-m.main+fp/hard\libcr_nohost_nf.a(__sys_seek.o)
                0x00005dec                __sys_seek
 .text.__sys_tmpnam
                0x00005df2        0x6 d:/mcux/mcuxpressoide_11.6.1_8255/ide/plugins/com.nxp.mcuxpresso.tools.win32_11.6.1.202207200623/tools/bin/../lib/gcc/arm-none-eabi/10.3.1/../../../../arm-none-eabi/lib/thumb/v8-m.main+fp/hard\libcr_nohost_nf.a(__sys_tmpnam.o)
                0x00005df2                __sys_tmpnam
 .text.__sys_write
                0x00005df8        0x4 d:/mcux/mcuxpressoide_11.6.1_8255/ide/plugins/com.nxp.mcuxpresso.tools.win32_11.6.1.202207200623/tools/bin/../lib/gcc/arm-none-eabi/10.3.1/../../../../arm-none-eabi/lib/thumb/v8-m.main+fp/hard\libcr_nohost_nf.a(__sys_write.o)
                0x00005df8                __sys_write
 *(SORT_BY_ALIGNMENT(.rodata) SORT_BY_ALIGNMENT(.rodata.*) SORT_BY_ALIGNMENT(.constdata) SORT_BY_ALIGNMENT(.constdata.*))
 .rodata.__assertion_failed.str1.4
                0x00005dfc       0x14 ./utilities/fsl_assert.o
 .rodata.main.str1.4
                0x00005e10       0x3a ./source/i2c.o
 *fill*         0x00005e4a        0x2 ff
 .rodata.SPI_GetStatusFlags.str1.4
                0x00005e4c       0x3b ./source/neopixels.o
 *fill*         0x00005e87        0x1 ff
 .rodata.FontSystem5x8
                0x00005e88      0x1e5 ./source/oled.o
                0x00005e88                FontSystem5x8
 *fill*         0x0000606d        0x3 ff
 .rodata.SDK_DelayAtLeastUs.str1.4
                0x00006070       0x2b ./drivers/fsl_common_arm.o
 *fill*         0x0000609b        0x1 ff
 .rodata.s_ctimerBases
                0x0000609c       0x14 ./drivers/fsl_ctimer.o
 .rodata.s_ctimerClocks
                0x000060b0        0xa ./drivers/fsl_ctimer.o
 *fill*         0x000060ba        0x2 ff
 .rodata.s_ctimerResets
                0x000060bc       0x14 ./drivers/fsl_ctimer.o
 .rodata.s_ctimerIRQ
                0x000060d0        0x5 ./drivers/fsl_ctimer.o
 *fill*         0x000060d5        0x3 ff
 .rodata.CTIMER_GetInstance.str1.4
                0x000060d8       0x2e ./drivers/fsl_ctimer.o
 *fill*         0x00006106        0x2 ff
 .rodata.CTIMER_Init.str1.4
                0x00006108       0x22 ./drivers/fsl_ctimer.o
 *fill*         0x0000612a        0x2 ff
 .rodata.s_flexcommBaseAddrs
                0x0000612c       0x24 ./drivers/fsl_flexcomm.o
 .rodata.s_flexcommClocks
                0x00006150       0x12 ./drivers/fsl_flexcomm.o
 *fill*         0x00006162        0x2 ff
 .rodata.s_flexcommResets
                0x00006164       0x24 ./drivers/fsl_flexcomm.o
 .rodata.FLEXCOMM_GetInstance.str1.4
                0x00006188       0x42 ./drivers/fsl_flexcomm.o
 *fill*         0x000061ca        0x2 ff
 .rodata.FLEXCOMM0_DriverIRQHandler.str1.4
                0x000061cc       0x3c ./drivers/fsl_flexcomm.o
 .rodata.FLEXCOMM1_DriverIRQHandler.str1.4
                0x00006208       0x3c ./drivers/fsl_flexcomm.o
 .rodata.FLEXCOMM2_DriverIRQHandler.str1.4
                0x00006244       0x3c ./drivers/fsl_flexcomm.o
 .rodata.FLEXCOMM3_DriverIRQHandler.str1.4
                0x00006280       0x3c ./drivers/fsl_flexcomm.o
 .rodata.FLEXCOMM4_DriverIRQHandler.str1.4
                0x000062bc       0x3c ./drivers/fsl_flexcomm.o
 .rodata.FLEXCOMM5_DriverIRQHandler.str1.4
                0x000062f8       0x3c ./drivers/fsl_flexcomm.o
 .rodata.FLEXCOMM6_DriverIRQHandler.str1.4
                0x00006334       0x3c ./drivers/fsl_flexcomm.o
 .rodata.FLEXCOMM7_DriverIRQHandler.str1.4
                0x00006370       0x3c ./drivers/fsl_flexcomm.o
 .rodata.FLEXCOMM8_DriverIRQHandler.str1.4
                0x000063ac       0x3c ./drivers/fsl_flexcomm.o
 .rodata.s_gpioClockName
                0x000063e8        0x8 ./drivers/fsl_gpio.o
 .rodata.GPIO_EnablePortClock.str1.4
                0x000063f0       0x33 ./drivers/fsl_gpio.o
 *fill*         0x00006423        0x1 ff
 .rodata.I2C_MasterSetTimeoutValue.str1.4
                0x00006424       0x3a ./drivers/fsl_i2c.o
 *fill*         0x0000645e        0x2 ff
 .rodata.I2C_MasterWriteBlocking.str1.4
                0x00006460       0x1f ./drivers/fsl_i2c.o
 *fill*         0x0000647f        0x1 ff
 .rodata.LPADC_GetInstance.str1.4
                0x00006480       0x35 ./drivers/fsl_lpadc.o
 *fill*         0x000064b5        0x3 ff
 .rodata.LPADC_Init.str1.4
                0x000064b8       0x20 ./drivers/fsl_lpadc.o
 .rodata.LPADC_GetConvResult.str1.4
                0x000064d8       0x21 ./drivers/fsl_lpadc.o
 *fill*         0x000064f9        0x3 ff
 .rodata.LPADC_SetConvTriggerConfig.str1.4
                0x000064fc       0x51 ./drivers/fsl_lpadc.o
 *fill*         0x0000654d        0x3 ff
 .rodata.LPADC_SetConvCommandConfig.str1.4
                0x00006550       0x83 ./drivers/fsl_lpadc.o
 *fill*         0x000065d3        0x1 ff
 .rodata.LPADC_DoAutoCalibration.str1.4
                0x000065d4       0x69 ./drivers/fsl_lpadc.o
 *fill*         0x0000663d        0x3 ff
 .rodata.RESET_SetPeripheralReset.str1.4
                0x00006640       0x1e ./drivers/fsl_reset.o
 *fill*         0x0000665e        0x2 ff
 .rodata.RESET_ClearPeripheralReset.str1.4
                0x00006660       0x1e ./drivers/fsl_reset.o
 *fill*         0x0000667e        0x2 ff
 .rodata.SPI_SetTransferDelay.str1.4
                0x00006680       0x3f ./drivers/fsl_spi.o
 *fill*         0x000066bf        0x1 ff
 .rodata.s_spiBaseAddrs
                0x000066c0       0x24 ./drivers/fsl_spi.o
 .rodata.SPI_GetInstance.str1.4
                0x000066e4       0x37 ./drivers/fsl_spi.o
 *fill*         0x0000671b        0x1 ff
 .rodata.SPI_MasterInit.str1.4
                0x0000671c       0x4d ./drivers/fsl_spi.o
 *fill*         0x00006769        0x3 ff
 .rodata.SPI_MasterSetBaud.str1.4
                0x0000676c       0x51 ./drivers/fsl_spi.o
 *fill*         0x000067bd        0x3 ff
 .rodata.SPI_WriteData.str1.4
                0x000067c0       0x4a ./drivers/fsl_spi.o
 *fill*         0x0000680a        0x2 ff
 .rodata.USART_Init.str1.4
                0x0000680c       0x4f ./drivers/fsl_usart.o
 *fill*         0x0000685b        0x1 ff
 .rodata.USART_GetDefaultConfig.str1.4
                0x0000685c       0x21 ./drivers/fsl_usart.o
 *fill*         0x0000687d        0x3 ff
 .rodata.USART_SetBaudRate.str1.4
                0x00006880       0x53 ./drivers/fsl_usart.o
 *fill*         0x000068d3        0x1 ff
 .rodata.USART_WriteBlocking.str1.4
                0x000068d4       0x36 ./drivers/fsl_usart.o
 *fill*         0x0000690a        0x2 ff
 .rodata.s_UsartAdapterBase
                0x0000690c       0x20 ./component/uart/fsl_adapter_usart.o
 .rodata.HAL_UartInitCommon.str1.4
                0x0000692c       0xeb ./component/uart/fsl_adapter_usart.o
 *fill*         0x00006a17        0x1 ff
 .rodata.HAL_UartSendBlocking.str1.4
                0x00006a18       0x65 ./component/uart/fsl_adapter_usart.o
 *fill*         0x00006a7d        0x3 ff
 .rodata.FLEXCOMM1_config
                0x00006a80        0xc ./board/peripherals.o
                0x00006a80                FLEXCOMM1_config
 .rodata.ADC0_config
                0x00006a8c       0x18 ./board/peripherals.o
                0x00006a8c                ADC0_config
 .rodata.CTIMER0_config
                0x00006aa4        0x8 ./board/peripherals.o
                0x00006aa4                CTIMER0_config
 .rodata.CTIMER0_Match_3_config
                0x00006aac        0xc ./board/peripherals.o
                0x00006aac                CTIMER0_Match_3_config
 .rodata.FLEXCOMM3_config
                0x00006ab8       0x18 ./board/peripherals.o
                0x00006ab8                FLEXCOMM3_config
 .rodata.__num_Ciob_streams
                0x00006ad0        0x4 d:/mcux/mcuxpressoide_11.6.1_8255/ide/plugins/com.nxp.mcuxpresso.tools.win32_11.6.1.202207200623/tools/bin/../lib/gcc/arm-none-eabi/10.3.1/../../../../arm-none-eabi/lib/thumb/v8-m.main+fp/hard\libcr_nohost_nf.a(__ciob.o)
                0x00006ad0                __num_Ciob_streams
 .rodata._Csys_alloc.str1.1
                0x00006ad4       0x18 d:/mcux/mcuxpressoide_11.6.1_8255/ide/plugins/com.nxp.mcuxpresso.tools.win32_11.6.1.202207200623/tools/bin/../lib/gcc/arm-none-eabi/10.3.1/../../../../arm-none-eabi/lib/thumb/v8-m.main+fp/hard\libcr_c.a(alloc.o)
 .rodata._initio.str1.1
                0x00006aec        0x4 d:/mcux/mcuxpressoide_11.6.1_8255/ide/plugins/com.nxp.mcuxpresso.tools.win32_11.6.1.202207200623/tools/bin/../lib/gcc/arm-none-eabi/10.3.1/../../../../arm-none-eabi/lib/thumb/v8-m.main+fp/hard\libcr_c.a(initio.o)
 .rodata.__vfprintf.str1.1
                0x00006af0       0x37 d:/mcux/mcuxpressoide_11.6.1_8255/ide/plugins/com.nxp.mcuxpresso.tools.win32_11.6.1.202207200623/tools/bin/../lib/gcc/arm-none-eabi/10.3.1/../../../../arm-none-eabi/lib/thumb/v8-m.main+fp/hard\libcr_c.a(printf.o)
                                 0x38 (size before relaxing)
                0x00006b28                . = ALIGN (0x4)
 *fill*         0x00006b27        0x1 ff
                0x00006b28                _etext = .

.glue_7         0x00006b28        0x0
 .glue_7        0x00006b28        0x0 linker stubs

.glue_7t        0x00006b28        0x0
 .glue_7t       0x00006b28        0x0 linker stubs

.vfp11_veneer   0x00006b28        0x0
 .vfp11_veneer  0x00006b28        0x0 linker stubs

.v4_bx          0x00006b28        0x0
 .v4_bx         0x00006b28        0x0 linker stubs

.iplt           0x00006b28        0x0
 .iplt          0x00006b28        0x0 ./utilities/fsl_assert.o

.rel.dyn        0x00006b28        0x0
 .rel.iplt      0x00006b28        0x0 ./utilities/fsl_assert.o

.m_usb_data
 *(SORT_BY_ALIGNMENT(m_usb_global))

.data_RAM2      0x04000000        0x0 load address 0x00006b28
 FILL mask 0xff
                [!provide]                PROVIDE (__start_data_RAM2 = .)
                [!provide]                PROVIDE (__start_data_SRAMX = .)
 *(SORT_BY_ALIGNMENT(.ramfunc.$RAM2))
 *(SORT_BY_ALIGNMENT(.ramfunc.$SRAMX))
 *(SORT_BY_ALIGNMENT(.data.$RAM2))
 *(SORT_BY_ALIGNMENT(.data.$SRAMX))
 *(SORT_BY_ALIGNMENT(.data.$RAM2.*))
 *(SORT_BY_ALIGNMENT(.data.$SRAMX.*))
                0x04000000                . = ALIGN (0x4)
                [!provide]                PROVIDE (__end_data_RAM2 = .)
                [!provide]                PROVIDE (__end_data_SRAMX = .)

.data_RAM3      0x40100000        0x0 load address 0x00006b28
 FILL mask 0xff
                [!provide]                PROVIDE (__start_data_RAM3 = .)
                [!provide]                PROVIDE (__start_data_USB_RAM = .)
 *(SORT_BY_ALIGNMENT(.ramfunc.$RAM3))
 *(SORT_BY_ALIGNMENT(.ramfunc.$USB_RAM))
 *(SORT_BY_ALIGNMENT(.data.$RAM3))
 *(SORT_BY_ALIGNMENT(.data.$USB_RAM))
 *(SORT_BY_ALIGNMENT(.data.$RAM3.*))
 *(SORT_BY_ALIGNMENT(.data.$USB_RAM.*))
                0x40100000                . = ALIGN (0x4)
                [!provide]                PROVIDE (__end_data_RAM3 = .)
                [!provide]                PROVIDE (__end_data_USB_RAM = .)

.data_RAM4      0x20040000        0x0 load address 0x00006b28
 FILL mask 0xff
                [!provide]                PROVIDE (__start_data_RAM4 = .)
                [!provide]                PROVIDE (__start_data_SRAM4 = .)
 *(SORT_BY_ALIGNMENT(.ramfunc.$RAM4))
 *(SORT_BY_ALIGNMENT(.ramfunc.$SRAM4))
 *(SORT_BY_ALIGNMENT(.data.$RAM4))
 *(SORT_BY_ALIGNMENT(.data.$SRAM4))
 *(SORT_BY_ALIGNMENT(.data.$RAM4.*))
 *(SORT_BY_ALIGNMENT(.data.$SRAM4.*))
                0x20040000                . = ALIGN (0x4)
                [!provide]                PROVIDE (__end_data_RAM4 = .)
                [!provide]                PROVIDE (__end_data_SRAM4 = .)

.uninit_RESERVED
                0x20000000        0x0
                0x20000000                _start_uninit_RESERVED = .
 *(SORT_BY_ALIGNMENT(.bss.$RESERVED*))
                0x20000000                . = ALIGN (0x4)
                0x20000000                _end_uninit_RESERVED = .

.data           0x20000000      0x14c load address 0x00006b28
 FILL mask 0xff
                0x20000000                _data = .
                [!provide]                PROVIDE (__start_data_RAM = .)
                [!provide]                PROVIDE (__start_data_SRAM = .)
 *(SORT_BY_ALIGNMENT(vtable))
 *(SORT_BY_ALIGNMENT(.ramfunc*))
 *(SORT_BY_ALIGNMENT(CodeQuickAccess))
 *(SORT_BY_ALIGNMENT(DataQuickAccess))
 *(SORT_BY_ALIGNMENT(RamFunction))
 *(SORT_BY_ALIGNMENT(.data*))
 .data.mm       0x20000000       0x48 ./source/i2c.o
                0x20000000                mm
 .data.diode_select
                0x20000048       0xc8 ./source/i2c.o
                0x20000048                diode_select
 .data.s_Ext_Clk_Freq
                0x20000110        0x4 ./drivers/fsl_clock.o
 .data.SystemCoreClock
                0x20000114        0x4 ./device/system_LPC55S69_cm33_core0.o
                0x20000114                SystemCoreClock
 .data.ADC0_commandsConfig
                0x20000118       0x24 ./board/peripherals.o
                0x20000118                ADC0_commandsConfig
 .data.ADC0_triggersConfig
                0x2000013c       0x10 ./board/peripherals.o
                0x2000013c                ADC0_triggersConfig
                0x2000014c                . = ALIGN (0x4)
                0x2000014c                _edata = .
                [!provide]                PROVIDE (__end_data_RAM = .)
                [!provide]                PROVIDE (__end_data_SRAM = .)

.igot.plt       0x2000014c        0x0 load address 0x00006c74
 .igot.plt      0x2000014c        0x0 ./utilities/fsl_assert.o

.bss_RAM2       0x04000000        0x0
                [!provide]                PROVIDE (__start_bss_RAM2 = .)
                [!provide]                PROVIDE (__start_bss_SRAMX = .)
 *(SORT_BY_ALIGNMENT(.bss.$RAM2))
 *(SORT_BY_ALIGNMENT(.bss.$SRAMX))
 *(SORT_BY_ALIGNMENT(.bss.$RAM2.*))
 *(SORT_BY_ALIGNMENT(.bss.$SRAMX.*))
                0x04000000                . = ALIGN ((. != 0x0)?0x4:0x1)
                [!provide]                PROVIDE (__end_bss_RAM2 = .)
                [!provide]                PROVIDE (__end_bss_SRAMX = .)

.bss_RAM3       0x40100000        0x0
                [!provide]                PROVIDE (__start_bss_RAM3 = .)
                [!provide]                PROVIDE (__start_bss_USB_RAM = .)
 *(SORT_BY_ALIGNMENT(.bss.$RAM3))
 *(SORT_BY_ALIGNMENT(.bss.$USB_RAM))
 *(SORT_BY_ALIGNMENT(.bss.$RAM3.*))
 *(SORT_BY_ALIGNMENT(.bss.$USB_RAM.*))
                0x40100000                . = ALIGN ((. != 0x0)?0x4:0x1)
                [!provide]                PROVIDE (__end_bss_RAM3 = .)
                [!provide]                PROVIDE (__end_bss_USB_RAM = .)

.bss_RAM4       0x20040000        0x0
                [!provide]                PROVIDE (__start_bss_RAM4 = .)
                [!provide]                PROVIDE (__start_bss_SRAM4 = .)
 *(SORT_BY_ALIGNMENT(.bss.$RAM4))
 *(SORT_BY_ALIGNMENT(.bss.$SRAM4))
 *(SORT_BY_ALIGNMENT(.bss.$RAM4.*))
 *(SORT_BY_ALIGNMENT(.bss.$SRAM4.*))
                0x20040000                . = ALIGN ((. != 0x0)?0x4:0x1)
                [!provide]                PROVIDE (__end_bss_RAM4 = .)
                [!provide]                PROVIDE (__end_bss_SRAM4 = .)

.bss            0x2000014c      0x5e4
                0x2000014c                _bss = .
                [!provide]                PROVIDE (__start_bss_RAM = .)
                [!provide]                PROVIDE (__start_bss_SRAM = .)
 *(SORT_BY_ALIGNMENT(.bss*))
 .bss.s_debugConsoleState
                0x2000014c       0x20 ./utilities/fsl_debug_console.o
 .bss.g_serialHandle
                0x2000016c        0x4 ./utilities/fsl_debug_console.o
                0x2000016c                g_serialHandle
 .bss.sbuff     0x20000170       0x20 ./source/i2c.o
                0x20000170                sbuff
 .bss.g_LpadcResultConfigStruct
                0x20000190       0x10 ./source/i2c.o
                0x20000190                g_LpadcResultConfigStruct
 .bss.Xint      0x200001a0        0x4 ./source/i2c.o
                0x200001a0                Xint
 .bss.Yint      0x200001a4        0x4 ./source/i2c.o
                0x200001a4                Yint
 .bss.colors    0x200001a8       0x28 ./source/i2c.o
                0x200001a8                colors
 .bss.SPI_base  0x200001d0        0x4 ./source/neopixels.o
                0x200001d0                SPI_base
 .bss.ledsNumber
                0x200001d4        0x4 ./source/neopixels.o
                0x200001d4                ledsNumber
 .bss.I2C_base  0x200001d8        0x4 ./source/oled.o
                0x200001d8                I2C_base
 .bss.displayBuffer
                0x200001dc      0x400 ./source/oled.o
 .bss.cmd_buff  0x200005dc        0x2 ./source/oled.o
 *fill*         0x200005de        0x2 
 .bss.s_Pll0_Freq
                0x200005e0        0x4 ./drivers/fsl_clock.o
 .bss.s_ctimerCallback
                0x200005e4       0x14 ./drivers/fsl_ctimer.o
 .bss.ctimerCallbackType
                0x200005f8        0x5 ./drivers/fsl_ctimer.o
 *fill*         0x200005fd        0x3 
 .bss.s_flexcommIrqHandler
                0x20000600       0x24 ./drivers/fsl_flexcomm.o
 .bss.s_flexcommHandle
                0x20000624       0x24 ./drivers/fsl_flexcomm.o
 .bss.g_configs
                0x20000648       0x12 ./drivers/fsl_spi.o
 *fill*         0x2000065a        0x2 
 .bss.s_dummyData
                0x2000065c        0x9 ./drivers/fsl_spi.o
                0x2000065c                s_dummyData
 *fill*         0x20000665        0x3 
 .bss.errno     0x20000668        0x4 d:/mcux/mcuxpressoide_11.6.1_8255/ide/plugins/com.nxp.mcuxpresso.tools.win32_11.6.1.202207200623/tools/bin/../lib/gcc/arm-none-eabi/10.3.1/../../../../arm-none-eabi/lib/thumb/v8-m.main+fp/hard\libcr_c.a(errno.o)
                0x20000668                errno
 .bss.__end_of_heap
                0x2000066c        0x4 d:/mcux/mcuxpressoide_11.6.1_8255/ide/plugins/com.nxp.mcuxpresso.tools.win32_11.6.1.202207200623/tools/bin/../lib/gcc/arm-none-eabi/10.3.1/../../../../arm-none-eabi/lib/thumb/v8-m.main+fp/hard\libcr_c.a(__init_alloc.o)
                0x2000066c                __end_of_heap
 .bss.__heaps   0x20000670        0x4 d:/mcux/mcuxpressoide_11.6.1_8255/ide/plugins/com.nxp.mcuxpresso.tools.win32_11.6.1.202207200623/tools/bin/../lib/gcc/arm-none-eabi/10.3.1/../../../../arm-none-eabi/lib/thumb/v8-m.main+fp/hard\libcr_c.a(__init_alloc.o)
                0x20000670                __heaps
 .bss.__Ciob    0x20000674       0xb4 d:/mcux/mcuxpressoide_11.6.1_8255/ide/plugins/com.nxp.mcuxpresso.tools.win32_11.6.1.202207200623/tools/bin/../lib/gcc/arm-none-eabi/10.3.1/../../../../arm-none-eabi/lib/thumb/v8-m.main+fp/hard\libcr_nohost_nf.a(__ciob.o)
                0x20000674                __Ciob
 .bss.adcCh1    0x20000728        0x2 ./source/i2c.o
                0x20000728                adcCh1
 .bss.adcCh2    0x2000072a        0x2 ./source/i2c.o
                0x2000072a                adcCh2
 .bss.s_debugConsoleReadWaitSemaphore
                0x2000072c        0x1 ./utilities/fsl_debug_console.o
 *(SORT_BY_ALIGNMENT(COMMON))
                0x20000730                . = ALIGN (0x4)
 *fill*         0x2000072d        0x3 
                0x20000730                _ebss = .
                [!provide]                PROVIDE (__end_bss_RAM = .)
                [!provide]                PROVIDE (__end_bss_SRAM = .)
                [!provide]                PROVIDE (end = .)

.noinit_RAM2    0x04000000        0x0
                [!provide]                PROVIDE (__start_noinit_RAM2 = .)
                [!provide]                PROVIDE (__start_noinit_SRAMX = .)
 *(SORT_BY_ALIGNMENT(.noinit.$RAM2))
 *(SORT_BY_ALIGNMENT(.noinit.$SRAMX))
 *(SORT_BY_ALIGNMENT(.noinit.$RAM2.*))
 *(SORT_BY_ALIGNMENT(.noinit.$SRAMX.*))
                0x04000000                . = ALIGN (0x4)
                [!provide]                PROVIDE (__end_noinit_RAM2 = .)
                [!provide]                PROVIDE (__end_noinit_SRAMX = .)

.noinit_RAM3    0x40100000        0x0
                [!provide]                PROVIDE (__start_noinit_RAM3 = .)
                [!provide]                PROVIDE (__start_noinit_USB_RAM = .)
 *(SORT_BY_ALIGNMENT(.noinit.$RAM3))
 *(SORT_BY_ALIGNMENT(.noinit.$USB_RAM))
 *(SORT_BY_ALIGNMENT(.noinit.$RAM3.*))
 *(SORT_BY_ALIGNMENT(.noinit.$USB_RAM.*))
                0x40100000                . = ALIGN (0x4)
                [!provide]                PROVIDE (__end_noinit_RAM3 = .)
                [!provide]                PROVIDE (__end_noinit_USB_RAM = .)

.noinit_RAM4    0x20040000        0x0
                [!provide]                PROVIDE (__start_noinit_RAM4 = .)
                [!provide]                PROVIDE (__start_noinit_SRAM4 = .)
 *(SORT_BY_ALIGNMENT(.noinit.$RAM4))
 *(SORT_BY_ALIGNMENT(.noinit.$SRAM4))
 *(SORT_BY_ALIGNMENT(.noinit.$RAM4.*))
 *(SORT_BY_ALIGNMENT(.noinit.$SRAM4.*))
                0x20040000                . = ALIGN (0x4)
                [!provide]                PROVIDE (__end_noinit_RAM4 = .)
                [!provide]                PROVIDE (__end_noinit_SRAM4 = .)

.noinit         0x20000730        0x0
                0x20000730                _noinit = .
                [!provide]                PROVIDE (__start_noinit_RAM = .)
                [!provide]                PROVIDE (__start_noinit_SRAM = .)
 *(SORT_BY_ALIGNMENT(.noinit*))
                0x20000730                . = ALIGN (0x4)
                0x20000730                _end_noinit = .
                [!provide]                PROVIDE (__end_noinit_RAM = .)
                [!provide]                PROVIDE (__end_noinit_SRAM = .)

.ARM.extab
 *(SORT_BY_ALIGNMENT(.ARM.extab*) SORT_BY_ALIGNMENT(.gnu.linkonce.armextab.*))

.ARM.exidx      0x00006c74        0x0
                0x00006c74                __exidx_start = .
 *(SORT_BY_ALIGNMENT(.ARM.exidx*) SORT_BY_ALIGNMENT(.gnu.linkonce.armexidx.*))
                0x00006c74                __exidx_end = .
                0x00001000                _HeapSize = 0x1000

.heap           0x20000730     0x1000
                0x20000730                _pvHeapStart = .
                0x20001730                . = (. + _HeapSize)
 *fill*         0x20000730     0x1000 
                0x20001730                . = ALIGN (0x4)
                0x20001730                _pvHeapLimit = .
                0x00001000                _StackSize = 0x1000

.heap2stackfill
                0x20001730     0x1000
                0x20002730                . = (. + _StackSize)
 *fill*         0x20001730     0x1000 

.stack          0x2003f000        0x0
                0x2003f000                _vStackBase = .
                0x2003f000                . = ALIGN (0x4)
                0x20040000                _vStackTop = (. + _StackSize)
                [!provide]                PROVIDE (__valid_user_code_checksum = (0x0 - ((((((_vStackTop + (ResetISR + 0x1)) + (NMI_Handler + 0x1)) + (HardFault_Handler + 0x1)) + (DEFINED (MemManage_Handler)?MemManage_Handler:0x0 + 0x1)) + (DEFINED (BusFault_Handler)?BusFault_Handler:0x0 + 0x1)) + (DEFINED (UsageFault_Handler)?UsageFault_Handler:0x0 + 0x1))))
                0x00000000                _image_start = LOADADDR (.text)
                0x00006c74                _image_end = (LOADADDR (.data) + SIZEOF (.data))
                0x00006c74                _image_size = (_image_end - _image_start)
OUTPUT(i2c.axf elf32-littlearm)
LOAD linker stubs

.debug_info     0x00000000    0x20015
 .debug_info    0x00000000       0xaa ./utilities/fsl_assert.o
 .debug_info    0x000000aa      0xc92 ./utilities/fsl_debug_console.o
 .debug_info    0x00000d3c      0xafc ./utilities/fsl_str.o
 .debug_info    0x00001838      0x707 ./startup/startup_lpc55s69_cm33_core0.o
 .debug_info    0x00001f3f     0x1100 ./source/i2c.o
 .debug_info    0x0000303f      0x826 ./source/neopixels.o
 .debug_info    0x00003865      0xf11 ./source/oled.o
 .debug_info    0x00004776       0x3c ./source/semihost_hardfault.o
 .debug_info    0x000047b2     0x334d ./drivers/fsl_clock.o
 .debug_info    0x00007aff       0xf5 ./drivers/fsl_common_arm.o
 .debug_info    0x00007bf4     0x227a ./drivers/fsl_ctimer.o
 .debug_info    0x00009e6e     0x1afd ./drivers/fsl_flexcomm.o
 .debug_info    0x0000b96b     0x1775 ./drivers/fsl_gpio.o
 .debug_info    0x0000d0e0     0x2284 ./drivers/fsl_i2c.o
 .debug_info    0x0000f364     0x1d6b ./drivers/fsl_lpadc.o
 .debug_info    0x000110cf     0x2a66 ./drivers/fsl_power.o
 .debug_info    0x00013b35      0xee3 ./drivers/fsl_reset.o
 .debug_info    0x00014a18     0x19af ./drivers/fsl_spi.o
 .debug_info    0x000163c7     0x17d1 ./drivers/fsl_usart.o
 .debug_info    0x00017b98     0x14be ./device/system_LPC55S69_cm33_core0.o
 .debug_info    0x00019056      0xc65 ./component/uart/fsl_adapter_usart.o
 .debug_info    0x00019cbb      0xcf2 ./component/serial_manager/fsl_component_serial_manager.o
 .debug_info    0x0001a9ad      0x472 ./component/serial_manager/fsl_component_serial_port_uart.o
 .debug_info    0x0001ae1f      0x829 ./board/board.o
 .debug_info    0x0001b648     0x16e2 ./board/clock_config.o
 .debug_info    0x0001cd2a     0x1dcb ./board/peripherals.o
 .debug_info    0x0001eaf5     0x1520 ./board/pin_mux.o

.debug_abbrev   0x00000000     0x3946
 .debug_abbrev  0x00000000       0x66 ./utilities/fsl_assert.o
 .debug_abbrev  0x00000066      0x232 ./utilities/fsl_debug_console.o
 .debug_abbrev  0x00000298      0x24d ./utilities/fsl_str.o
 .debug_abbrev  0x000004e5      0x165 ./startup/startup_lpc55s69_cm33_core0.o
 .debug_abbrev  0x0000064a      0x237 ./source/i2c.o
 .debug_abbrev  0x00000881      0x1c0 ./source/neopixels.o
 .debug_abbrev  0x00000a41      0x29d ./source/oled.o
 .debug_abbrev  0x00000cde       0x31 ./source/semihost_hardfault.o
 .debug_abbrev  0x00000d0f      0x374 ./drivers/fsl_clock.o
 .debug_abbrev  0x00001083       0x92 ./drivers/fsl_common_arm.o
 .debug_abbrev  0x00001115      0x382 ./drivers/fsl_ctimer.o
 .debug_abbrev  0x00001497      0x2c0 ./drivers/fsl_flexcomm.o
 .debug_abbrev  0x00001757      0x210 ./drivers/fsl_gpio.o
 .debug_abbrev  0x00001967      0x351 ./drivers/fsl_i2c.o
 .debug_abbrev  0x00001cb8      0x257 ./drivers/fsl_lpadc.o
 .debug_abbrev  0x00001f0f      0x335 ./drivers/fsl_power.o
 .debug_abbrev  0x00002244      0x15a ./drivers/fsl_reset.o
 .debug_abbrev  0x0000239e      0x307 ./drivers/fsl_spi.o
 .debug_abbrev  0x000026a5      0x30b ./drivers/fsl_usart.o
 .debug_abbrev  0x000029b0      0x216 ./device/system_LPC55S69_cm33_core0.o
 .debug_abbrev  0x00002bc6      0x1e0 ./component/uart/fsl_adapter_usart.o
 .debug_abbrev  0x00002da6      0x299 ./component/serial_manager/fsl_component_serial_manager.o
 .debug_abbrev  0x0000303f      0x167 ./component/serial_manager/fsl_component_serial_port_uart.o
 .debug_abbrev  0x000031a6       0xd1 ./board/board.o
 .debug_abbrev  0x00003277      0x1ea ./board/clock_config.o
 .debug_abbrev  0x00003461      0x24d ./board/peripherals.o
 .debug_abbrev  0x000036ae      0x298 ./board/pin_mux.o

.debug_aranges  0x00000000     0x1188
 .debug_aranges
                0x00000000       0x20 ./utilities/fsl_assert.o
 .debug_aranges
                0x00000020       0xa8 ./utilities/fsl_debug_console.o
 .debug_aranges
                0x000000c8       0xb8 ./utilities/fsl_str.o
 .debug_aranges
                0x00000180      0x268 ./startup/startup_lpc55s69_cm33_core0.o
 .debug_aranges
                0x000003e8       0x40 ./source/i2c.o
 .debug_aranges
                0x00000428       0x48 ./source/neopixels.o
 .debug_aranges
                0x00000470       0xa8 ./source/oled.o
 .debug_aranges
                0x00000518       0x20 ./source/semihost_hardfault.o
 .debug_aranges
                0x00000538      0x228 ./drivers/fsl_clock.o
 .debug_aranges
                0x00000760       0x28 ./drivers/fsl_common_arm.o
 .debug_aranges
                0x00000788       0xe0 ./drivers/fsl_ctimer.o
 .debug_aranges
                0x00000868       0x90 ./drivers/fsl_flexcomm.o
 .debug_aranges
                0x000008f8       0x38 ./drivers/fsl_gpio.o
 .debug_aranges
                0x00000930      0x1a0 ./drivers/fsl_i2c.o
 .debug_aranges
                0x00000ad0       0xb0 ./drivers/fsl_lpadc.o
 .debug_aranges
                0x00000b80       0xc8 ./drivers/fsl_power.o
 .debug_aranges
                0x00000c48       0x30 ./drivers/fsl_reset.o
 .debug_aranges
                0x00000c78       0xe8 ./drivers/fsl_spi.o
 .debug_aranges
                0x00000d60       0xf8 ./drivers/fsl_usart.o
 .debug_aranges
                0x00000e58       0x88 ./device/system_LPC55S69_cm33_core0.o
 .debug_aranges
                0x00000ee0       0x58 ./component/uart/fsl_adapter_usart.o
 .debug_aranges
                0x00000f38       0xa0 ./component/serial_manager/fsl_component_serial_manager.o
 .debug_aranges
                0x00000fd8       0x48 ./component/serial_manager/fsl_component_serial_port_uart.o
 .debug_aranges
                0x00001020       0x28 ./board/board.o
 .debug_aranges
                0x00001048       0x50 ./board/clock_config.o
 .debug_aranges
                0x00001098       0x70 ./board/peripherals.o
 .debug_aranges
                0x00001108       0x80 ./board/pin_mux.o

.debug_ranges   0x00000000     0x1068
 .debug_ranges  0x00000000       0x10 ./utilities/fsl_assert.o
 .debug_ranges  0x00000010       0x98 ./utilities/fsl_debug_console.o
 .debug_ranges  0x000000a8       0xd8 ./utilities/fsl_str.o
 .debug_ranges  0x00000180      0x258 ./startup/startup_lpc55s69_cm33_core0.o
 .debug_ranges  0x000003d8       0x30 ./source/i2c.o
 .debug_ranges  0x00000408       0x38 ./source/neopixels.o
 .debug_ranges  0x00000440       0x98 ./source/oled.o
 .debug_ranges  0x000004d8       0x10 ./source/semihost_hardfault.o
 .debug_ranges  0x000004e8      0x218 ./drivers/fsl_clock.o
 .debug_ranges  0x00000700       0x18 ./drivers/fsl_common_arm.o
 .debug_ranges  0x00000718       0xd0 ./drivers/fsl_ctimer.o
 .debug_ranges  0x000007e8       0x80 ./drivers/fsl_flexcomm.o
 .debug_ranges  0x00000868       0x28 ./drivers/fsl_gpio.o
 .debug_ranges  0x00000890      0x1d8 ./drivers/fsl_i2c.o
 .debug_ranges  0x00000a68       0xa0 ./drivers/fsl_lpadc.o
 .debug_ranges  0x00000b08       0xb8 ./drivers/fsl_power.o
 .debug_ranges  0x00000bc0       0x20 ./drivers/fsl_reset.o
 .debug_ranges  0x00000be0       0xf0 ./drivers/fsl_spi.o
 .debug_ranges  0x00000cd0       0xe8 ./drivers/fsl_usart.o
 .debug_ranges  0x00000db8       0x78 ./device/system_LPC55S69_cm33_core0.o
 .debug_ranges  0x00000e30       0x48 ./component/uart/fsl_adapter_usart.o
 .debug_ranges  0x00000e78       0x90 ./component/serial_manager/fsl_component_serial_manager.o
 .debug_ranges  0x00000f08       0x38 ./component/serial_manager/fsl_component_serial_port_uart.o
 .debug_ranges  0x00000f40       0x18 ./board/board.o
 .debug_ranges  0x00000f58       0x40 ./board/clock_config.o
 .debug_ranges  0x00000f98       0x60 ./board/peripherals.o
 .debug_ranges  0x00000ff8       0x70 ./board/pin_mux.o

.debug_macro    0x00000000    0x1893a
 .debug_macro   0x00000000      0x17a ./utilities/fsl_assert.o
 .debug_macro   0x0000017a      0xaba ./utilities/fsl_assert.o
 .debug_macro   0x00000c34       0x10 ./utilities/fsl_assert.o
 .debug_macro   0x00000c44       0x1c ./utilities/fsl_assert.o
 .debug_macro   0x00000c60       0x22 ./utilities/fsl_assert.o
 .debug_macro   0x00000c82      0x12e ./utilities/fsl_assert.o
 .debug_macro   0x00000db0      0x5b3 ./utilities/fsl_assert.o
 .debug_macro   0x00001363       0x22 ./utilities/fsl_assert.o
 .debug_macro   0x00001385       0x10 ./utilities/fsl_assert.o
 .debug_macro   0x00001395       0x46 ./utilities/fsl_assert.o
 .debug_macro   0x000013db       0x1c ./utilities/fsl_assert.o
 .debug_macro   0x000013f7       0x29 ./utilities/fsl_assert.o
 .debug_macro   0x00001420       0xfb ./utilities/fsl_assert.o
 .debug_macro   0x0000151b     0x167e ./utilities/fsl_assert.o
 .debug_macro   0x00002b99       0x5e ./utilities/fsl_assert.o
 .debug_macro   0x00002bf7       0x2e ./utilities/fsl_assert.o
 .debug_macro   0x00002c25    0x116c8 ./utilities/fsl_assert.o
 .debug_macro   0x000142ed      0x44a ./utilities/fsl_assert.o
 .debug_macro   0x00014737       0x7a ./utilities/fsl_assert.o
 .debug_macro   0x000147b1       0xa8 ./utilities/fsl_assert.o
 .debug_macro   0x00014859      0x2ca ./utilities/fsl_assert.o
 .debug_macro   0x00014b23       0x16 ./utilities/fsl_assert.o
 .debug_macro   0x00014b39       0xee ./utilities/fsl_assert.o
 .debug_macro   0x00014c27       0x70 ./utilities/fsl_assert.o
 .debug_macro   0x00014c97       0x46 ./utilities/fsl_assert.o
 .debug_macro   0x00014cdd       0x16 ./utilities/fsl_assert.o
 .debug_macro   0x00014cf3       0x6d ./utilities/fsl_assert.o
 .debug_macro   0x00014d60       0x16 ./utilities/fsl_assert.o
 .debug_macro   0x00014d76       0x1c ./utilities/fsl_assert.o
 .debug_macro   0x00014d92       0x1c ./utilities/fsl_assert.o
 .debug_macro   0x00014dae      0x1f2 ./utilities/fsl_debug_console.o
 .debug_macro   0x00014fa0       0x16 ./utilities/fsl_debug_console.o
 .debug_macro   0x00014fb6       0x10 ./utilities/fsl_debug_console.o
 .debug_macro   0x00014fc6       0x28 ./utilities/fsl_debug_console.o
 .debug_macro   0x00014fee       0x50 ./utilities/fsl_debug_console.o
 .debug_macro   0x0001503e       0x1c ./utilities/fsl_debug_console.o
 .debug_macro   0x0001505a      0x178 ./utilities/fsl_str.o
 .debug_macro   0x000151d2       0xc4 ./utilities/fsl_str.o
 .debug_macro   0x00015296      0x1c7 ./utilities/fsl_str.o
 .debug_macro   0x0001545d       0x56 ./utilities/fsl_str.o
 .debug_macro   0x000154b3       0x29 ./startup/startup_lpc55s69_cm33_core0.o
 .debug_macro   0x000154dc      0x25a ./source/i2c.o
 .debug_macro   0x00015736       0xd8 ./source/i2c.o
 .debug_macro   0x0001580e       0x2f ./source/i2c.o
 .debug_macro   0x0001583d       0x10 ./source/i2c.o
 .debug_macro   0x0001584d       0xfe ./source/i2c.o
 .debug_macro   0x0001594b      0x1f0 ./source/i2c.o
 .debug_macro   0x00015b3b       0x52 ./source/i2c.o
 .debug_macro   0x00015b8d       0x1c ./source/i2c.o
 .debug_macro   0x00015ba9       0x10 ./source/i2c.o
 .debug_macro   0x00015bb9       0x10 ./source/i2c.o
 .debug_macro   0x00015bc9       0x46 ./source/i2c.o
 .debug_macro   0x00015c0f       0x52 ./source/i2c.o
 .debug_macro   0x00015c61      0x44d ./source/i2c.o
 .debug_macro   0x000160ae      0x304 ./source/i2c.o
 .debug_macro   0x000163b2       0xc4 ./source/i2c.o
 .debug_macro   0x00016476       0x46 ./source/i2c.o
 .debug_macro   0x000164bc       0x28 ./source/i2c.o
 .debug_macro   0x000164e4      0x15d ./source/neopixels.o
 .debug_macro   0x00016641       0x22 ./source/neopixels.o
 .debug_macro   0x00016663      0x15c ./source/oled.o
 .debug_macro   0x000167bf       0x16 ./source/oled.o
 .debug_macro   0x000167d5       0x1c ./source/oled.o
 .debug_macro   0x000167f1       0x4c ./source/oled.o
 .debug_macro   0x0001683d       0x11 ./source/semihost_hardfault.o
 .debug_macro   0x0001684e      0x1db ./drivers/fsl_clock.o
 .debug_macro   0x00016a29      0x13c ./drivers/fsl_common_arm.o
 .debug_macro   0x00016b65      0x14c ./drivers/fsl_ctimer.o
 .debug_macro   0x00016cb1      0x145 ./drivers/fsl_flexcomm.o
 .debug_macro   0x00016df6      0x14c ./drivers/fsl_gpio.o
 .debug_macro   0x00016f42      0x153 ./drivers/fsl_i2c.o
 .debug_macro   0x00017095      0x14b ./drivers/fsl_lpadc.o
 .debug_macro   0x000171e0       0x16 ./drivers/fsl_lpadc.o
 .debug_macro   0x000171f6      0x410 ./drivers/fsl_power.o
 .debug_macro   0x00017606      0x13c ./drivers/fsl_reset.o
 .debug_macro   0x00017742      0x16c ./drivers/fsl_spi.o
 .debug_macro   0x000178ae      0x154 ./drivers/fsl_usart.o
 .debug_macro   0x00017a02       0x1c ./drivers/fsl_usart.o
 .debug_macro   0x00017a1e       0xc1 ./device/system_LPC55S69_cm33_core0.o
 .debug_macro   0x00017adf      0x151 ./component/uart/fsl_adapter_usart.o
 .debug_macro   0x00017c30       0x22 ./component/uart/fsl_adapter_usart.o
 .debug_macro   0x00017c52       0x46 ./component/uart/fsl_adapter_usart.o
 .debug_macro   0x00017c98      0x1b5 ./component/serial_manager/fsl_component_serial_manager.o
 .debug_macro   0x00017e4d       0x6a ./component/serial_manager/fsl_component_serial_manager.o
 .debug_macro   0x00017eb7      0x179 ./component/serial_manager/fsl_component_serial_port_uart.o
 .debug_macro   0x00018030      0x1ae ./board/board.o
 .debug_macro   0x000181de       0x35 ./board/board.o
 .debug_macro   0x00018213      0x15c ./board/clock_config.o
 .debug_macro   0x0001836f      0x2fe ./board/clock_config.o
 .debug_macro   0x0001866d      0x17c ./board/peripherals.o
 .debug_macro   0x000187e9      0x151 ./board/pin_mux.o

.debug_line     0x00000000     0xd6a6
 .debug_line    0x00000000      0x3f9 ./utilities/fsl_assert.o
 .debug_line    0x000003f9      0x80a ./utilities/fsl_debug_console.o
 .debug_line    0x00000c03      0xab1 ./utilities/fsl_str.o
 .debug_line    0x000016b4      0x6b1 ./startup/startup_lpc55s69_cm33_core0.o
 .debug_line    0x00001d65      0x6db ./source/i2c.o
 .debug_line    0x00002440      0x53b ./source/neopixels.o
 .debug_line    0x0000297b      0x9e9 ./source/oled.o
 .debug_line    0x00003364       0x59 ./source/semihost_hardfault.o
 .debug_line    0x000033bd     0x171e ./drivers/fsl_clock.o
 .debug_line    0x00004adb      0x33b ./drivers/fsl_common_arm.o
 .debug_line    0x00004e16      0x8af ./drivers/fsl_ctimer.o
 .debug_line    0x000056c5      0x5dd ./drivers/fsl_flexcomm.o
 .debug_line    0x00005ca2      0x3a7 ./drivers/fsl_gpio.o
 .debug_line    0x00006049     0x12dc ./drivers/fsl_i2c.o
 .debug_line    0x00007325      0x777 ./drivers/fsl_lpadc.o
 .debug_line    0x00007a9c      0xe4e ./drivers/fsl_power.o
 .debug_line    0x000088ea      0x394 ./drivers/fsl_reset.o
 .debug_line    0x00008c7e      0xee9 ./drivers/fsl_spi.o
 .debug_line    0x00009b67      0xf35 ./drivers/fsl_usart.o
 .debug_line    0x0000aa9c      0x68c ./device/system_LPC55S69_cm33_core0.o
 .debug_line    0x0000b128      0x518 ./component/uart/fsl_adapter_usart.o
 .debug_line    0x0000b640      0x75d ./component/serial_manager/fsl_component_serial_manager.o
 .debug_line    0x0000bd9d      0x4fe ./component/serial_manager/fsl_component_serial_port_uart.o
 .debug_line    0x0000c29b      0x46b ./board/board.o
 .debug_line    0x0000c706      0x45b ./board/clock_config.o
 .debug_line    0x0000cb61      0x4d3 ./board/peripherals.o
 .debug_line    0x0000d034      0x672 ./board/pin_mux.o

.debug_str      0x00000000    0xc5b2d
 .debug_str     0x00000000    0xb37c8 ./utilities/fsl_assert.o
                              0xb384c (size before relaxing)
 .debug_str     0x000b37c8     0x164c ./utilities/fsl_debug_console.o
                              0xb4eff (size before relaxing)
 .debug_str     0x000b4e14      0xc05 ./utilities/fsl_str.o
                              0xb3b82 (size before relaxing)
 .debug_str     0x000b5a19      0x670 ./startup/startup_lpc55s69_cm33_core0.o
                               0x34a6 (size before relaxing)
 .debug_str     0x000b6089     0x4b0f ./source/i2c.o
                              0xb9359 (size before relaxing)
 .debug_str     0x000bab98       0xfd ./source/neopixels.o
                              0xb3bff (size before relaxing)
 .debug_str     0x000bac95      0x251 ./source/oled.o
                              0xb4225 (size before relaxing)
 .debug_str     0x000baee6       0x1f ./source/semihost_hardfault.o
                               0x2de8 (size before relaxing)
 .debug_str     0x000baf05     0x2d59 ./drivers/fsl_clock.o
                              0xb7b41 (size before relaxing)
 .debug_str     0x000bdc5e       0x82 ./drivers/fsl_common_arm.o
                              0xb2d7c (size before relaxing)
 .debug_str     0x000bdce0     0x113c ./drivers/fsl_ctimer.o
                              0xb56eb (size before relaxing)
 .debug_str     0x000bee1c      0x2ea ./drivers/fsl_flexcomm.o
                              0xb51ef (size before relaxing)
 .debug_str     0x000bf106      0x140 ./drivers/fsl_gpio.o
                              0xb4b64 (size before relaxing)
 .debug_str     0x000bf246     0x10dd ./drivers/fsl_i2c.o
                              0xb510e (size before relaxing)
 .debug_str     0x000c0323      0xb50 ./drivers/fsl_lpadc.o
                              0xb50eb (size before relaxing)
 .debug_str     0x000c0e73     0x2157 ./drivers/fsl_power.o
                              0xb8068 (size before relaxing)
 .debug_str     0x000c2fca       0xae ./drivers/fsl_reset.o
                              0xb3b0e (size before relaxing)
 .debug_str     0x000c3078      0xb48 ./drivers/fsl_spi.o
                              0xb4c95 (size before relaxing)
 .debug_str     0x000c3bc0      0xc83 ./drivers/fsl_usart.o
                              0xb4bb4 (size before relaxing)
 .debug_str     0x000c4843      0x12f ./device/system_LPC55S69_cm33_core0.o
                              0xb0e78 (size before relaxing)
 .debug_str     0x000c4972      0x318 ./component/uart/fsl_adapter_usart.o
                              0xb42e6 (size before relaxing)
 .debug_str     0x000c4c8a      0x55c ./component/serial_manager/fsl_component_serial_manager.o
                              0xb4a54 (size before relaxing)
 .debug_str     0x000c51e6      0x106 ./component/serial_manager/fsl_component_serial_port_uart.o
                              0xb3be9 (size before relaxing)
 .debug_str     0x000c52ec       0x54 ./board/board.o
                              0xb61fd (size before relaxing)
 .debug_str     0x000c5340       0xac ./board/clock_config.o
                              0xb5afb (size before relaxing)
 .debug_str     0x000c53ec      0x49f ./board/peripherals.o
                              0xb5b7e (size before relaxing)
 .debug_str     0x000c588b      0x2a2 ./board/pin_mux.o
                              0xb54e6 (size before relaxing)

.comment        0x00000000       0x49
 .comment       0x00000000       0x49 ./utilities/fsl_assert.o
                                 0x4a (size before relaxing)
 .comment       0x00000049       0x4a ./utilities/fsl_debug_console.o
 .comment       0x00000049       0x4a ./utilities/fsl_str.o
 .comment       0x00000049       0x4a ./startup/startup_lpc55s69_cm33_core0.o
 .comment       0x00000049       0x4a ./source/i2c.o
 .comment       0x00000049       0x4a ./source/neopixels.o
 .comment       0x00000049       0x4a ./source/oled.o
 .comment       0x00000049       0x4a ./source/semihost_hardfault.o
 .comment       0x00000049       0x4a ./drivers/fsl_clock.o
 .comment       0x00000049       0x4a ./drivers/fsl_common_arm.o
 .comment       0x00000049       0x4a ./drivers/fsl_ctimer.o
 .comment       0x00000049       0x4a ./drivers/fsl_flexcomm.o
 .comment       0x00000049       0x4a ./drivers/fsl_gpio.o
 .comment       0x00000049       0x4a ./drivers/fsl_i2c.o
 .comment       0x00000049       0x4a ./drivers/fsl_lpadc.o
 .comment       0x00000049       0x4a ./drivers/fsl_power.o
 .comment       0x00000049       0x4a ./drivers/fsl_reset.o
 .comment       0x00000049       0x4a ./drivers/fsl_spi.o
 .comment       0x00000049       0x4a ./drivers/fsl_usart.o
 .comment       0x00000049       0x4a ./device/system_LPC55S69_cm33_core0.o
 .comment       0x00000049       0x4a ./component/uart/fsl_adapter_usart.o