../source/oled.c:127:13:OLED_Write_Byte	16	static
../source/oled.c:139:6:OLED_Init	24	static
../source/oled.c:207:6:OLED_Display_On	8	static
../source/oled.c:214:6:OLED_Display_Off	8	static
../source/oled.c:221:6:OLED_Refresh_Gram	16	static
../source/oled.c:232:6:OLED_Clear_Screen	24	static
../source/oled.c:243:6:OLED_Draw_Point	24	static
../source/oled.c:260:9:OLED_Get_Point	24	static
../source/oled.c:271:6:OLED_Draw_Line	40	static
../source/oled.c:312:6:OLED_Draw_Dotline	40	static
../source/oled.c:353:6:OLED_Draw_Circle	32	static
../source/oled.c:384:6:OLED_Draw_Arc	48	static
../source/oled.c:394:6:OLED_Draw_Fill_Rect	32	static
../source/oled.c:404:6:OLED_Invert_Rect	32	static
../source/oled.c:414:6:OLED_Draw_Bitmap	32	static
../source/oled.c:424:6:OLED_Puts	24	static
../source/oled.c:439:6:OLED_Progressbar_Frame	32	static
../source/oled.c:450:6:OLED_Progressbar_Value	48	static
